Archive member included to satisfy reference by file (symbol)

/opt/gcc-arm-none-eabi/bin/../lib/gcc/arm-none-eabi/12.3.1/../../../../arm-none-eabi/lib/thumb/v7-m/nofp/libc_nano.a(libc_a-exit.o)
                              /opt/gcc-arm-none-eabi/bin/../lib/gcc/arm-none-eabi/12.3.1/../../../../arm-none-eabi/lib/thumb/v7-m/nofp/crt0.o (exit)
/opt/gcc-arm-none-eabi/bin/../lib/gcc/arm-none-eabi/12.3.1/../../../../arm-none-eabi/lib/thumb/v7-m/nofp/libc_nano.a(libc_a-init.o)
                              /opt/gcc-arm-none-eabi/bin/../lib/gcc/arm-none-eabi/12.3.1/../../../../arm-none-eabi/lib/thumb/v7-m/nofp/crt0.o (__libc_init_array)
/opt/gcc-arm-none-eabi/bin/../lib/gcc/arm-none-eabi/12.3.1/../../../../arm-none-eabi/lib/thumb/v7-m/nofp/libc_nano.a(libc_a-strlen.o)
                              build/main.o (strlen)
/opt/gcc-arm-none-eabi/bin/../lib/gcc/arm-none-eabi/12.3.1/../../../../arm-none-eabi/lib/thumb/v7-m/nofp/libc_nano.a(libc_a-findfp.o)
                              /opt/gcc-arm-none-eabi/bin/../lib/gcc/arm-none-eabi/12.3.1/../../../../arm-none-eabi/lib/thumb/v7-m/nofp/libc_nano.a(libc_a-exit.o) (__stdio_exit_handler)
/opt/gcc-arm-none-eabi/bin/../lib/gcc/arm-none-eabi/12.3.1/../../../../arm-none-eabi/lib/thumb/v7-m/nofp/libc_nano.a(libc_a-sprintf.o)
                              build/main.o (sprintf)
/opt/gcc-arm-none-eabi/bin/../lib/gcc/arm-none-eabi/12.3.1/../../../../arm-none-eabi/lib/thumb/v7-m/nofp/libc_nano.a(libc_a-stdio.o)
                              /opt/gcc-arm-none-eabi/bin/../lib/gcc/arm-none-eabi/12.3.1/../../../../arm-none-eabi/lib/thumb/v7-m/nofp/libc_nano.a(libc_a-findfp.o) (__sread)
/opt/gcc-arm-none-eabi/bin/../lib/gcc/arm-none-eabi/12.3.1/../../../../arm-none-eabi/lib/thumb/v7-m/nofp/libc_nano.a(libc_a-writer.o)
                              /opt/gcc-arm-none-eabi/bin/../lib/gcc/arm-none-eabi/12.3.1/../../../../arm-none-eabi/lib/thumb/v7-m/nofp/libc_nano.a(libc_a-stdio.o) (_write_r)
/opt/gcc-arm-none-eabi/bin/../lib/gcc/arm-none-eabi/12.3.1/../../../../arm-none-eabi/lib/thumb/v7-m/nofp/libc_nano.a(libc_a-fwalk.o)
                              /opt/gcc-arm-none-eabi/bin/../lib/gcc/arm-none-eabi/12.3.1/../../../../arm-none-eabi/lib/thumb/v7-m/nofp/libc_nano.a(libc_a-findfp.o) (_fwalk_sglue)
/opt/gcc-arm-none-eabi/bin/../lib/gcc/arm-none-eabi/12.3.1/../../../../arm-none-eabi/lib/thumb/v7-m/nofp/libc_nano.a(libc_a-memset.o)
                              /opt/gcc-arm-none-eabi/bin/../lib/gcc/arm-none-eabi/12.3.1/../../../../arm-none-eabi/lib/thumb/v7-m/nofp/crt0.o (memset)
/opt/gcc-arm-none-eabi/bin/../lib/gcc/arm-none-eabi/12.3.1/../../../../arm-none-eabi/lib/thumb/v7-m/nofp/libc_nano.a(libc_a-lock.o)
                              /opt/gcc-arm-none-eabi/bin/../lib/gcc/arm-none-eabi/12.3.1/../../../../arm-none-eabi/lib/thumb/v7-m/nofp/libc_nano.a(libc_a-findfp.o) (__retarget_lock_init_recursive)
/opt/gcc-arm-none-eabi/bin/../lib/gcc/arm-none-eabi/12.3.1/../../../../arm-none-eabi/lib/thumb/v7-m/nofp/libc_nano.a(libc_a-nano-svfprintf.o)
                              /opt/gcc-arm-none-eabi/bin/../lib/gcc/arm-none-eabi/12.3.1/../../../../arm-none-eabi/lib/thumb/v7-m/nofp/libc_nano.a(libc_a-sprintf.o) (_svfprintf_r)
/opt/gcc-arm-none-eabi/bin/../lib/gcc/arm-none-eabi/12.3.1/../../../../arm-none-eabi/lib/thumb/v7-m/nofp/libc_nano.a(libc_a-nano-vfprintf_i.o)
                              /opt/gcc-arm-none-eabi/bin/../lib/gcc/arm-none-eabi/12.3.1/../../../../arm-none-eabi/lib/thumb/v7-m/nofp/libc_nano.a(libc_a-nano-svfprintf.o) (_printf_i)
/opt/gcc-arm-none-eabi/bin/../lib/gcc/arm-none-eabi/12.3.1/../../../../arm-none-eabi/lib/thumb/v7-m/nofp/libc_nano.a(libc_a-closer.o)
                              /opt/gcc-arm-none-eabi/bin/../lib/gcc/arm-none-eabi/12.3.1/../../../../arm-none-eabi/lib/thumb/v7-m/nofp/libc_nano.a(libc_a-stdio.o) (_close_r)
/opt/gcc-arm-none-eabi/bin/../lib/gcc/arm-none-eabi/12.3.1/../../../../arm-none-eabi/lib/thumb/v7-m/nofp/libc_nano.a(libc_a-reent.o)
                              /opt/gcc-arm-none-eabi/bin/../lib/gcc/arm-none-eabi/12.3.1/../../../../arm-none-eabi/lib/thumb/v7-m/nofp/libc_nano.a(libc_a-writer.o) (errno)
/opt/gcc-arm-none-eabi/bin/../lib/gcc/arm-none-eabi/12.3.1/../../../../arm-none-eabi/lib/thumb/v7-m/nofp/libc_nano.a(libc_a-impure.o)
                              /opt/gcc-arm-none-eabi/bin/../lib/gcc/arm-none-eabi/12.3.1/../../../../arm-none-eabi/lib/thumb/v7-m/nofp/libc_nano.a(libc_a-sprintf.o) (_impure_ptr)
/opt/gcc-arm-none-eabi/bin/../lib/gcc/arm-none-eabi/12.3.1/../../../../arm-none-eabi/lib/thumb/v7-m/nofp/libc_nano.a(libc_a-fflush.o)
                              /opt/gcc-arm-none-eabi/bin/../lib/gcc/arm-none-eabi/12.3.1/../../../../arm-none-eabi/lib/thumb/v7-m/nofp/libc_nano.a(libc_a-findfp.o) (_fflush_r)
/opt/gcc-arm-none-eabi/bin/../lib/gcc/arm-none-eabi/12.3.1/../../../../arm-none-eabi/lib/thumb/v7-m/nofp/libc_nano.a(libc_a-memchr-stub.o)
[...]
Memory Configuration

Name             Origin             Length             Attributes
RAM              0x20000000         0x00005000         xrw
FLASH            0x08000000         0x00010000         xr
*default*        0x00000000         0xffffffff

Linker script and memory map

LOAD /opt/gcc-arm-none-eabi/bin/../lib/gcc/arm-none-eabi/12.3.1/thumb/v7-m/nofp/crti.o
LOAD /opt/gcc-arm-none-eabi/bin/../lib/gcc/arm-none-eabi/12.3.1/thumb/v7-m/nofp/crtbegin.o
LOAD /opt/gcc-arm-none-eabi/bin/../lib/gcc/arm-none-eabi/12.3.1/../../../../arm-none-eabi/lib/thumb/v7-m/nofp/crt0.o
LOAD build/main.o
LOAD build/stm32f1xx_hal_msp.o
LOAD build/stm32f1xx_it.o
LOAD build/system_stm32f1xx.o
LOAD build/stm32f1xx_hal.o
LOAD build/stm32f1xx_hal_cortex.o
LOAD build/stm32f1xx_hal_dma.o
LOAD build/stm32f1xx_hal_exti.o
LOAD build/stm32f1xx_hal_flash.o
LOAD build/stm32f1xx_hal_flash_ex.o
LOAD build/stm32f1xx_hal_gpio.o
LOAD build/stm32f1xx_hal_gpio_ex.o
LOAD build/stm32f1xx_hal_pwr.o
LOAD build/stm32f1xx_hal_rcc.o
LOAD build/stm32f1xx_hal_rcc_ex.o
LOAD build/stm32f1xx_hal_tim.o
LOAD build/stm32f1xx_hal_tim_ex.o
LOAD build/stm32f1xx_hal_uart.o
LOAD build/startup_stm32f103xb.o
LOAD /opt/gcc-arm-none-eabi/bin/../lib/gcc/arm-none-eabi/12.3.1/../../../../arm-none-eabi/lib/thumb/v7-m/nofp/libc_nano.a
LOAD /opt/gcc-arm-none-eabi/bin/../lib/gcc/arm-none-eabi/12.3.1/../../../../arm-none-eabi/lib/thumb/v7-m/nofp/libm.a
LOAD /opt/gcc-arm-none-eabi/bin/../lib/gcc/arm-none-eabi/12.3.1/../../../../arm-none-eabi/lib/thumb/v7-m/nofp/libnosys.a
START GROUP
LOAD /opt/gcc-arm-none-eabi/bin/../lib/gcc/arm-none-eabi/12.3.1/thumb/v7-m/nofp/libgcc.a
LOAD /opt/gcc-arm-none-eabi/bin/../lib/gcc/arm-none-eabi/12.3.1/../../../../arm-none-eabi/lib/thumb/v7-m/nofp/libc_nano.a
END GROUP
START GROUP
LOAD /opt/gcc-arm-none-eabi/bin/../lib/gcc/arm-none-eabi/12.3.1/thumb/v7-m/nofp/libgcc.a
LOAD /opt/gcc-arm-none-eabi/bin/../lib/gcc/arm-none-eabi/12.3.1/../../../../arm-none-eabi/lib/thumb/v7-m/nofp/libc_nano.a
END GROUP
LOAD /opt/gcc-arm-none-eabi/bin/../lib/gcc/arm-none-eabi/12.3.1/thumb/v7-m/nofp/crtend.o
LOAD /opt/gcc-arm-none-eabi/bin/../lib/gcc/arm-none-eabi/12.3.1/thumb/v7-m/nofp/crtn.o
                0x20005000                        _estack = (ORIGIN (RAM) + LENGTH (RAM))
                0x00000200                        _Min_Heap_Size = 0x200
                0x00000400                        _Min_Stack_Size = 0x400

.isr_vector     0x08000000      0x10c
                0x08000000                        . = ALIGN (0x4)
 *(.isr_vector)
 .isr_vector    0x08000000      0x10c build/startup_stm32f103xb.o
                0x08000000                g_pfnVectors
                0x0800010c                        . = ALIGN (0x4)

.text           0x0800010c     0x262c
                0x0800010c                        . = ALIGN (0x4)
 *(.text)
 .text          0x0800010c       0x10 /opt/gcc-arm-none-eabi/bin/../lib/gcc/arm-none-eabi/12.3.1/../../../../arm-none-eabi/lib/thumb/v7-m/nofp/libc_nano.a(libc_a-strlen.o)
                0x0800010c                strlen
 *(.text*)
 .text.deregister_tm_clones
                0x0800011c       0x1c /opt/gcc-arm-none-eabi/bin/../lib/gcc/arm-none-eabi/12.3.1/thumb/v7-m/nofp/crtbegin.o
 .text.register_tm_clones
                0x08000138       0x24 /opt/gcc-arm-none-eabi/bin/../lib/gcc/arm-none-eabi/12.3.1/thumb/v7-m/nofp/crtbegin.o
 .text.__do_global_dtors_aux
                0x0800015c       0x28 /opt/gcc-arm-none-eabi/bin/../lib/gcc/arm-none-eabi/12.3.1/thumb/v7-m/nofp/crtbegin.o
 .text.frame_dummy
                0x08000184       0x24 /opt/gcc-arm-none-eabi/bin/../lib/gcc/arm-none-eabi/12.3.1/thumb/v7-m/nofp/crtbegin.o
 .text.MX_GPIO_Init
                0x080001a8       0xc4 build/main.o
 .text.initLED  0x0800026c       0x40 build/main.o
                0x0800026c                initLED
 .text.function_mode1
                0x080002ac       0x50 build/main.o
                0x080002ac                function_mode1
 .text.function_mode2
                0x080002fc       0x50 build/main.o
                0x080002fc                function_mode2
 .text.function_mode3
                0x0800034c       0x68 build/main.o
                0x0800034c                function_mode3
 .text.changemodeled
                0x080003b4       0x34 build/main.o
                0x080003b4                changemodeled
 .text.SM_ledmode
                0x080003e8       0x28 build/main.o
                0x080003e8                SM_ledmode
 .text.HAL_TIM_PeriodElapsedCallback
                0x08000410       0x14 build/main.o
                0x08000410                HAL_TIM_PeriodElapsedCallback
 .text.SM_button1
                0x08000424      0x104 build/main.o
                0x08000424                SM_button1
 .text.SM_button2
                0x08000528      0x104 build/main.o
                0x08000528                SM_button2
 .text.print_uart
                0x0800062c       0x1c build/main.o
                0x0800062c                print_uart
 .text.button2_pressed
                0x08000648       0x14 build/main.o
                0x08000648                button2_pressed
 .text.Error_Handler
                0x0800065c       0x10 build/main.o
                0x0800065c                Error_Handler
 .text.MX_TIM3_Init
                0x0800066c       0x74 build/main.o
 .text.button1_pressed
                0x080006e0       0x78 build/main.o
                0x080006e0                button1_pressed
 .text.button1_holdtime
                0x08000758       0xbc build/main.o
                0x08000758                button1_holdtime
 .text.button2_holdtime
                0x08000814       0xb8 build/main.o
                0x08000814                button2_holdtime
 .text.MX_USART1_UART_Init
                0x080008cc       0x34 build/main.o
 .text.SystemClock_Config
                0x08000900       0x64 build/main.o
                0x08000900                SystemClock_Config
 .text.main     0x08000964       0xf8 build/main.o
                0x08000964                main
 .text.HAL_MspInit
                0x08000a5c       0x44 build/stm32f1xx_hal_msp.o
                0x08000a5c                HAL_MspInit
 .text.HAL_TIM_Base_MspInit
                0x08000aa0       0x40 build/stm32f1xx_hal_msp.o
                0x08000aa0                HAL_TIM_Base_MspInit
 .text.HAL_TIM_Base_MspDeInit
                0x08000ae0       0x28 build/stm32f1xx_hal_msp.o
                0x08000ae0                HAL_TIM_Base_MspDeInit
 .text.HAL_UART_MspInit
                0x08000b08       0x78 build/stm32f1xx_hal_msp.o
                0x08000b08                HAL_UART_MspInit
 .text.NMI_Handler
                0x08000b80        0x2 build/stm32f1xx_it.o
                0x08000b80                NMI_Handler
 .text.HardFault_Handler
                0x08000b82        0x2 build/stm32f1xx_it.o
                0x08000b82                HardFault_Handler
 .text.MemManage_Handler
                0x08000b84        0x2 build/stm32f1xx_it.o
                0x08000b84                MemManage_Handler
 .text.BusFault_Handler
                0x08000b86        0x2 build/stm32f1xx_it.o
                0x08000b86                BusFault_Handler
 .text.UsageFault_Handler
                0x08000b88        0x2 build/stm32f1xx_it.o
                0x08000b88                UsageFault_Handler
 .text.SVC_Handler
                0x08000b8a        0x2 build/stm32f1xx_it.o
                0x08000b8a                SVC_Handler
 .text.DebugMon_Handler
                0x08000b8c        0x2 build/stm32f1xx_it.o
                0x08000b8c                DebugMon_Handler
 .text.PendSV_Handler
                0x08000b8e        0x2 build/stm32f1xx_it.o
                0x08000b8e                PendSV_Handler
 .text.SysTick_Handler
                0x08000b90        0x8 build/stm32f1xx_it.o
                0x08000b90                SysTick_Handler
 .text.TIM3_IRQHandler
                0x08000b98       0x10 build/stm32f1xx_it.o
                0x08000b98                TIM3_IRQHandler
 .text.SystemInit
                0x08000ba8        0x2 build/system_stm32f1xx.o
                0x08000ba8                SystemInit
 *fill*         0x08000baa        0x2 
 .text.HAL_InitTick
                0x08000bac       0x4c build/stm32f1xx_hal.o
                0x08000bac                HAL_InitTick
 .text.HAL_Init
                0x08000bf8       0x24 build/stm32f1xx_hal.o
                0x08000bf8                HAL_Init
 .text.HAL_IncTick
                0x08000c1c       0x18 build/stm32f1xx_hal.o
                0x08000c1c                HAL_IncTick
 .text.HAL_GetTick
                0x08000c34        0xc build/stm32f1xx_hal.o
                0x08000c34                HAL_GetTick
 .text.__NVIC_DisableIRQ
                0x08000c40       0x24 build/stm32f1xx_hal_cortex.o
 .text.__NVIC_SetPriority
                0x08000c64       0x28 build/stm32f1xx_hal_cortex.o
 .text.NVIC_EncodePriority
                0x08000c8c       0x3e build/stm32f1xx_hal_cortex.o
 *fill*         0x08000cca        0x2 
 .text.HAL_NVIC_SetPriorityGrouping
                0x08000ccc       0x24 build/stm32f1xx_hal_cortex.o
                0x08000ccc                HAL_NVIC_SetPriorityGrouping
 .text.HAL_NVIC_SetPriority
                0x08000cf0       0x20 build/stm32f1xx_hal_cortex.o
                0x08000cf0                HAL_NVIC_SetPriority
 .text.HAL_NVIC_EnableIRQ
                0x08000d10       0x1c build/stm32f1xx_hal_cortex.o
                0x08000d10                HAL_NVIC_EnableIRQ
 .text.HAL_NVIC_DisableIRQ
                0x08000d2c        0x8 build/stm32f1xx_hal_cortex.o
                0x08000d2c                HAL_NVIC_DisableIRQ
 .text.HAL_SYSTICK_Config
                0x08000d34       0x28 build/stm32f1xx_hal_cortex.o
                0x08000d34                HAL_SYSTICK_Config
 .text.HAL_GPIO_Init
                0x08000d5c      0x21c build/stm32f1xx_hal_gpio.o
                0x08000d5c                HAL_GPIO_Init
 .text.HAL_GPIO_ReadPin
                0x08000f78        0xe build/stm32f1xx_hal_gpio.o
                0x08000f78                HAL_GPIO_ReadPin
 .text.HAL_GPIO_WritePin
                0x08000f86        0xc build/stm32f1xx_hal_gpio.o
                0x08000f86                HAL_GPIO_WritePin
 .text.HAL_GPIO_TogglePin
                0x08000f92       0x12 build/stm32f1xx_hal_gpio.o
                0x08000f92                HAL_GPIO_TogglePin
 .text.RCC_Delay
                0x08000fa4       0x2c build/stm32f1xx_hal_rcc.o
 .text.HAL_RCC_OscConfig
                0x08000fd0      0x410 build/stm32f1xx_hal_rcc.o
                0x08000fd0                HAL_RCC_OscConfig
 .text.HAL_RCC_GetSysClockFreq
                0x080013e0       0x54 build/stm32f1xx_hal_rcc.o
                0x080013e0                HAL_RCC_GetSysClockFreq
 .text.HAL_RCC_ClockConfig
                0x08001434      0x16c build/stm32f1xx_hal_rcc.o
                0x08001434                HAL_RCC_ClockConfig
 .text.HAL_RCC_GetHCLKFreq
                0x080015a0        0xc build/stm32f1xx_hal_rcc.o
                0x080015a0                HAL_RCC_GetHCLKFreq
 .text.HAL_RCC_GetPCLK1Freq
                0x080015ac       0x20 build/stm32f1xx_hal_rcc.o
                0x080015ac                HAL_RCC_GetPCLK1Freq
 .text.HAL_RCC_GetPCLK2Freq
                0x080015cc       0x20 build/stm32f1xx_hal_rcc.o
                0x080015cc                HAL_RCC_GetPCLK2Freq
 .text.TIM_TI1_ConfigInputStage
                0x080015ec       0x24 build/stm32f1xx_hal_tim.o
 .text.TIM_TI2_ConfigInputStage
                0x08001610       0x26 build/stm32f1xx_hal_tim.o
 .text.TIM_ITRx_SetConfig
                0x08001636       0x10 build/stm32f1xx_hal_tim.o
 .text.HAL_TIM_Base_DeInit
                0x08001646       0x5e build/stm32f1xx_hal_tim.o
                0x08001646                HAL_TIM_Base_DeInit
 .text.HAL_TIM_Base_Start_IT
                0x080016a4       0x68 build/stm32f1xx_hal_tim.o
                0x080016a4                HAL_TIM_Base_Start_IT
 .text.HAL_TIM_Base_Stop_IT
                0x0800170c       0x32 build/stm32f1xx_hal_tim.o
                0x0800170c                HAL_TIM_Base_Stop_IT
 .text.HAL_TIM_OC_DelayElapsedCallback
                0x0800173e        0x2 build/stm32f1xx_hal_tim.o
                0x0800173e                HAL_TIM_OC_DelayElapsedCallback
 .text.HAL_TIM_IC_CaptureCallback
                0x08001740        0x2 build/stm32f1xx_hal_tim.o
                0x08001740                HAL_TIM_IC_CaptureCallback
 .text.HAL_TIM_PWM_PulseFinishedCallback
                0x08001742        0x2 build/stm32f1xx_hal_tim.o
                0x08001742                HAL_TIM_PWM_PulseFinishedCallback
 .text.HAL_TIM_TriggerCallback
                0x08001744        0x2 build/stm32f1xx_hal_tim.o
                0x08001744                HAL_TIM_TriggerCallback
 .text.HAL_TIM_IRQHandler
                0x08001746      0x17a build/stm32f1xx_hal_tim.o
                0x08001746                HAL_TIM_IRQHandler
 .text.TIM_Base_SetConfig
                0x080018c0       0x74 build/stm32f1xx_hal_tim.o
                0x080018c0                TIM_Base_SetConfig
 .text.HAL_TIM_Base_Init
                0x08001934       0x58 build/stm32f1xx_hal_tim.o
                0x08001934                HAL_TIM_Base_Init
 .text.TIM_ETR_SetConfig
                0x0800198c       0x18 build/stm32f1xx_hal_tim.o
                0x0800198c                TIM_ETR_SetConfig
 .text.HAL_TIM_ConfigClockSource
                0x080019a4       0xfe build/stm32f1xx_hal_tim.o
                0x080019a4                HAL_TIM_ConfigClockSource
 *fill*         0x08001aa2        0x2 
 .text.HAL_TIMEx_MasterConfigSynchronization
                0x08001aa4       0x6c build/stm32f1xx_hal_tim_ex.o
                0x08001aa4                HAL_TIMEx_MasterConfigSynchronization
 .text.HAL_TIMEx_CommutCallback
                0x08001b10        0x2 build/stm32f1xx_hal_tim_ex.o
                0x08001b10                HAL_TIMEx_CommutCallback
 .text.HAL_TIMEx_BreakCallback
                0x08001b12        0x2 build/stm32f1xx_hal_tim_ex.o
                0x08001b12                HAL_TIMEx_BreakCallback
 .text.UART_SetConfig
                0x08001b14       0x94 build/stm32f1xx_hal_uart.o
 .text.UART_WaitOnFlagUntilTimeout
                0x08001ba8       0x84 build/stm32f1xx_hal_uart.o
 .text.HAL_UART_Init
                0x08001c2c       0x60 build/stm32f1xx_hal_uart.o
                0x08001c2c                HAL_UART_Init
 .text.HAL_UART_Transmit
                0x08001c8c       0xbe build/stm32f1xx_hal_uart.o
                0x08001c8c                HAL_UART_Transmit
 *fill*         0x08001d4a        0x2 
 .text.Reset_Handler
                0x08001d4c       0x48 build/startup_stm32f103xb.o
                0x08001d4c                Reset_Handler
 .text.Default_Handler
                0x08001d94        0x2 build/startup_stm32f103xb.o
                0x08001d94                RTC_Alarm_IRQHandler
                0x08001d94                EXTI2_IRQHandler
                0x08001d94                TIM1_CC_IRQHandler
                0x08001d94                PVD_IRQHandler
                0x08001d94                EXTI3_IRQHandler
                0x08001d94                EXTI0_IRQHandler
                0x08001d94                I2C2_EV_IRQHandler
                0x08001d94                ADC1_2_IRQHandler
                0x08001d94                SPI1_IRQHandler
                0x08001d94                TAMPER_IRQHandler
                0x08001d94                DMA1_Channel4_IRQHandler
                0x08001d94                USART3_IRQHandler
                0x08001d94                RTC_IRQHandler
                0x08001d94                DMA1_Channel7_IRQHandler
                0x08001d94                CAN1_RX1_IRQHandler
                0x08001d94                TIM4_IRQHandler
                0x08001d94                I2C1_EV_IRQHandler
                0x08001d94                DMA1_Channel6_IRQHandler
                0x08001d94                RCC_IRQHandler
                0x08001d94                TIM1_TRG_COM_IRQHandler
                0x08001d94                DMA1_Channel1_IRQHandler
                0x08001d94                Default_Handler
                0x08001d94                EXTI15_10_IRQHandler
                0x08001d94                EXTI9_5_IRQHandler
                0x08001d94                SPI2_IRQHandler
                0x08001d94                DMA1_Channel5_IRQHandler
                0x08001d94                EXTI4_IRQHandler
                0x08001d94                USB_LP_CAN1_RX0_IRQHandler
                0x08001d94                USB_HP_CAN1_TX_IRQHandler
                0x08001d94                DMA1_Channel3_IRQHandler
                0x08001d94                TIM1_UP_IRQHandler
                0x08001d94                WWDG_IRQHandler
                0x08001d94                TIM2_IRQHandler
                0x08001d94                TIM1_BRK_IRQHandler
                0x08001d94                EXTI1_IRQHandler
                0x08001d94                USART2_IRQHandler
                0x08001d94                I2C2_ER_IRQHandler
                0x08001d94                DMA1_Channel2_IRQHandler
                0x08001d94                CAN1_SCE_IRQHandler
                0x08001d94                FLASH_IRQHandler
                0x08001d94                USART1_IRQHandler
                0x08001d94                I2C1_ER_IRQHandler
                0x08001d94                USBWakeUp_IRQHandler
 *fill*         0x08001d96        0x2 
 .text.__libc_init_array
                0x08001d98       0x48 /opt/gcc-arm-none-eabi/bin/../lib/gcc/arm-none-eabi/12.3.1/../../../../arm-none-eabi/lib/thumb/v7-m/nofp/libc_nano.a(libc_a-init.o)
                0x08001d98                __libc_init_array
 .text.sprintf  0x08001de0       0x40 /opt/gcc-arm-none-eabi/bin/../lib/gcc/arm-none-eabi/12.3.1/../../../../arm-none-eabi/lib/thumb/v7-m/nofp/libc_nano.a(libc_a-sprintf.o)
                0x08001de0                sprintf
                0x08001de0                siprintf
 .text.memset   0x08001e20       0x10 /opt/gcc-arm-none-eabi/bin/../lib/gcc/arm-none-eabi/12.3.1/../../../../arm-none-eabi/lib/thumb/v7-m/nofp/libc_nano.a(libc_a-memset.o)
                0x08001e20                memset
 .text.__retarget_lock_acquire_recursive
                0x08001e30        0x2 /opt/gcc-arm-none-eabi/bin/../lib/gcc/arm-none-eabi/12.3.1/../../../../arm-none-eabi/lib/thumb/v7-m/nofp/libc_nano.a(libc_a-lock.o)
                0x08001e30                __retarget_lock_acquire_recursive
 .text.__retarget_lock_release_recursive
                0x08001e32        0x2 /opt/gcc-arm-none-eabi/bin/../lib/gcc/arm-none-eabi/12.3.1/../../../../arm-none-eabi/lib/thumb/v7-m/nofp/libc_nano.a(libc_a-lock.o)
                0x08001e32                __retarget_lock_release_recursive
 .text.__ssputs_r
                0x08001e34       0xb6 /opt/gcc-arm-none-eabi/bin/../lib/gcc/arm-none-eabi/12.3.1/../../../../arm-none-eabi/lib/thumb/v7-m/nofp/libc_nano.a(libc_a-nano-svfprintf.o)
                0x08001e34                __ssputs_r
 *fill*         0x08001eea        0x2 
 .text._svfprintf_r
                0x08001eec      0x1f8 /opt/gcc-arm-none-eabi/bin/../lib/gcc/arm-none-eabi/12.3.1/../../../../arm-none-eabi/lib/thumb/v7-m/nofp/libc_nano.a(libc_a-nano-svfprintf.o)
                0x08001eec                _svfprintf_r
                0x08001eec                _svfiprintf_r
 .text._printf_common
                0x080020e4       0xe4 /opt/gcc-arm-none-eabi/bin/../lib/gcc/arm-none-eabi/12.3.1/../../../../arm-none-eabi/lib/thumb/v7-m/nofp/libc_nano.a(libc_a-nano-vfprintf_i.o)
                0x080020e4                _printf_common
 .text._printf_i
                0x080021c8      0x258 /opt/gcc-arm-none-eabi/bin/../lib/gcc/arm-none-eabi/12.3.1/../../../../arm-none-eabi/lib/thumb/v7-m/nofp/libc_nano.a(libc_a-nano-vfprintf_i.o)
                0x080021c8                _printf_i
 .text.memchr   0x08002420       0x1c /opt/gcc-arm-none-eabi/bin/../lib/gcc/arm-none-eabi/12.3.1/../../../../arm-none-eabi/lib/thumb/v7-m/nofp/libc_nano.a(libc_a-memchr-stub.o)
                0x08002420                memchr
 .text.memcpy   0x0800243c       0x1c /opt/gcc-arm-none-eabi/bin/../lib/gcc/arm-none-eabi/12.3.1/../../../../arm-none-eabi/lib/thumb/v7-m/nofp/libc_nano.a(libc_a-memcpy-stub.o)
                0x0800243c                memcpy
 .text.sbrk_aligned
                0x08002458       0x44 /opt/gcc-arm-none-eabi/bin/../lib/gcc/arm-none-eabi/12.3.1/../../../../arm-none-eabi/lib/thumb/v7-m/nofp/libc_nano.a(libc_a-mallocr.o)
 .text._malloc_r
                0x0800249c      0x100 /opt/gcc-arm-none-eabi/bin/../lib/gcc/arm-none-eabi/12.3.1/../../../../arm-none-eabi/lib/thumb/v7-m/nofp/libc_nano.a(libc_a-mallocr.o)
                0x0800249c                _malloc_r
 .text.__malloc_lock
                0x0800259c        0xc /opt/gcc-arm-none-eabi/bin/../lib/gcc/arm-none-eabi/12.3.1/../../../../arm-none-eabi/lib/thumb/v7-m/nofp/libc_nano.a(libc_a-mlock.o)
                0x0800259c                __malloc_lock
 .text.__malloc_unlock
                0x080025a8        0xc /opt/gcc-arm-none-eabi/bin/../lib/gcc/arm-none-eabi/12.3.1/../../../../arm-none-eabi/lib/thumb/v7-m/nofp/libc_nano.a(libc_a-mlock.o)
                0x080025a8                __malloc_unlock
 .text._sbrk_r  0x080025b4       0x20 /opt/gcc-arm-none-eabi/bin/../lib/gcc/arm-none-eabi/12.3.1/../../../../arm-none-eabi/lib/thumb/v7-m/nofp/libc_nano.a(libc_a-sbrkr.o)
                0x080025b4                _sbrk_r
 .text.memmove  0x080025d4       0x34 /opt/gcc-arm-none-eabi/bin/../lib/gcc/arm-none-eabi/12.3.1/../../../../arm-none-eabi/lib/thumb/v7-m/nofp/libc_nano.a(libc_a-memmove.o)
                0x080025d4                memmove
 .text._realloc_r
                0x08002608       0x5c /opt/gcc-arm-none-eabi/bin/../lib/gcc/arm-none-eabi/12.3.1/../../../../arm-none-eabi/lib/thumb/v7-m/nofp/libc_nano.a(libc_a-reallocr.o)
                0x08002608                _realloc_r
 .text._free_r  0x08002664       0x90 /opt/gcc-arm-none-eabi/bin/../lib/gcc/arm-none-eabi/12.3.1/../../../../arm-none-eabi/lib/thumb/v7-m/nofp/libc_nano.a(libc_a-freer.o)
                0x08002664                _free_r
 .text._malloc_usable_size_r
                0x080026f4       0x10 /opt/gcc-arm-none-eabi/bin/../lib/gcc/arm-none-eabi/12.3.1/../../../../arm-none-eabi/lib/thumb/v7-m/nofp/libc_nano.a(libc_a-msizer.o)
                0x080026f4                _malloc_usable_size_r
 .text._sbrk    0x08002704       0x1c /opt/gcc-arm-none-eabi/bin/../lib/gcc/arm-none-eabi/12.3.1/../../../../arm-none-eabi/lib/thumb/v7-m/nofp/libnosys.a(sbrk.o)
                0x08002704                _sbrk
 *(.glue_7)
 .glue_7        0x08002720        0x0 linker stubs
 *(.glue_7t)
 .glue_7t       0x08002720        0x0 linker stubs
 *(.eh_frame)
 .eh_frame      0x08002720        0x0 /opt/gcc-arm-none-eabi/bin/../lib/gcc/arm-none-eabi/12.3.1/thumb/v7-m/nofp/crtbegin.o
 *(.init)
 .init          0x08002720        0x4 /opt/gcc-arm-none-eabi/bin/../lib/gcc/arm-none-eabi/12.3.1/thumb/v7-m/nofp/crti.o
                0x08002720                _init
 .init          0x08002724        0x8 /opt/gcc-arm-none-eabi/bin/../lib/gcc/arm-none-eabi/12.3.1/thumb/v7-m/nofp/crtn.o
 *(.fini)
 .fini          0x0800272c        0x4 /opt/gcc-arm-none-eabi/bin/../lib/gcc/arm-none-eabi/12.3.1/thumb/v7-m/nofp/crti.o
                0x0800272c                _fini
 .fini          0x08002730        0x8 /opt/gcc-arm-none-eabi/bin/../lib/gcc/arm-none-eabi/12.3.1/thumb/v7-m/nofp/crtn.o
                0x08002738                        . = ALIGN (0x4)
                0x08002738                        _etext = .

.vfp11_veneer   0x08002738        0x0
 .vfp11_veneer  0x08002738        0x0 linker stubs

.v4_bx          0x08002738        0x0
 .v4_bx         0x08002738        0x0 linker stubs

.iplt           0x08002738        0x0
 .iplt          0x08002738        0x0 /opt/gcc-arm-none-eabi/bin/../lib/gcc/arm-none-eabi/12.3.1/thumb/v7-m/nofp/crtbegin.o

.rodata         0x08002738      0x124
                0x08002738                        . = ALIGN (0x4)
 *(.rodata)
 *(.rodata*)
 .rodata.button2_pressed.str1.4
                0x08002738       0x15 build/main.o
 *fill*         0x0800274d        0x3 
 .rodata.Error_Handler.str1.4
                0x08002750        0x9 build/main.o
 *fill*         0x08002759        0x3 
 .rodata.button1_pressed.str1.4
                0x0800275c       0x31 build/main.o
 *fill*         0x0800278d        0x3 
 .rodata.button1_holdtime.str1.4
                0x08002790       0x1c build/main.o
 .rodata.main.str1.4
                0x080027ac       0x4f build/main.o
 *fill*         0x080027fb        0x1 
 .rodata.APBPrescTable
                0x080027fc        0x8 build/system_stm32f1xx.o
                0x080027fc                APBPrescTable
 .rodata.AHBPrescTable
                0x08002804       0x10 build/system_stm32f1xx.o
                0x08002804                AHBPrescTable
 .rodata.aPredivFactorTable.0
                0x08002814        0x2 build/stm32f1xx_hal_rcc.o
 *fill*         0x08002816        0x2 
 .rodata.aPLLMULFactorTable.1
                0x08002818       0x10 build/stm32f1xx_hal_rcc.o
 .rodata._svfprintf_r.str1.1
                0x08002828       0x11 /opt/gcc-arm-none-eabi/bin/../lib/gcc/arm-none-eabi/12.3.1/../../../../arm-none-eabi/lib/thumb/v7-m/nofp/libc_nano.a(libc_a-nano-svfprintf.o)
 .rodata._printf_i.str1.1
                0x08002839       0x22 /opt/gcc-arm-none-eabi/bin/../lib/gcc/arm-none-eabi/12.3.1/../../../../arm-none-eabi/lib/thumb/v7-m/nofp/libc_nano.a(libc_a-nano-vfprintf_i.o)
                0x0800285c                        . = ALIGN (0x4)
 *fill*         0x0800285b        0x1 

.ARM.extab
 *(.ARM.extab* .gnu.linkonce.armextab.*)

.ARM            0x0800285c        0x8
                0x0800285c                        __exidx_start = .
 *(.ARM.exidx*)
 .ARM.exidx     0x0800285c        0x8 /opt/gcc-arm-none-eabi/bin/../lib/gcc/arm-none-eabi/12.3.1/../../../../arm-none-eabi/lib/thumb/v7-m/nofp/libc_nano.a(libc_a-strlen.o)
                0x08002864                        __exidx_end = .

.rel.dyn        0x08002864        0x0
 .rel.iplt      0x08002864        0x0 /opt/gcc-arm-none-eabi/bin/../lib/gcc/arm-none-eabi/12.3.1/thumb/v7-m/nofp/crtbegin.o

.preinit_array  0x08002864        0x0
                0x08002864                        PROVIDE (__preinit_array_start = .)
 *(.preinit_array*)
                0x08002864                        PROVIDE (__preinit_array_end = .)

.init_array     0x08002864        0x4
                0x08002864                        PROVIDE (__init_array_start = .)
 *(SORT_BY_NAME(.init_array.*))
 *(.init_array*)
 .init_array    0x08002864        0x4 /opt/gcc-arm-none-eabi/bin/../lib/gcc/arm-none-eabi/12.3.1/thumb/v7-m/nofp/crtbegin.o
                0x08002868                        PROVIDE (__init_array_end = .)

.fini_array     0x08002868        0x4
                [!provide]                        PROVIDE (__fini_array_start = .)
 *(SORT_BY_NAME(.fini_array.*))
 *(.fini_array*)
 .fini_array    0x08002868        0x4 /opt/gcc-arm-none-eabi/bin/../lib/gcc/arm-none-eabi/12.3.1/thumb/v7-m/nofp/crtbegin.o
                [!provide]                        PROVIDE (__fini_array_end = .)
                0x0800286c                        _sidata = LOADADDR (.data)

.data           0x20000000       0x74 load address 0x0800286c
                0x20000000                        . = ALIGN (0x4)
                0x20000000                        _sdata = .
 *(.data)
 *(.data*)
 .data.tim3period
                0x20000000        0x4 build/main.o
                0x20000000                tim3period
 .data.tim3scaler
                0x20000004        0x4 build/main.o
                0x20000004                tim3scaler
 .data.initialled1
                0x20000008        0x1 build/main.o
                0x20000008                initialled1
 *fill*         0x20000009        0x3 
 .data.hold_delay_s
                0x2000000c        0x4 build/main.o
                0x2000000c                hold_delay_s
 .data.bounce_delay_s
                0x20000010        0x4 build/main.o
                0x20000010                bounce_delay_s
 .data.state_button2
                0x20000014        0x1 build/main.o
                0x20000014                state_button2
 .data.state_button1
                0x20000015        0x1 build/main.o
                0x20000015                state_button1
 *fill*         0x20000016        0x2 
 .data.SystemCoreClock
                0x20000018        0x4 build/system_stm32f1xx.o
                0x20000018                SystemCoreClock
 .data.uwTickFreq
                0x2000001c        0x1 build/stm32f1xx_hal.o
                0x2000001c                uwTickFreq
 *fill*         0x2000001d        0x3 
 .data.uwTickPrio
                0x20000020        0x4 build/stm32f1xx_hal.o
                0x20000020                uwTickPrio
 .data._impure_ptr
                0x20000024        0x4 /opt/gcc-arm-none-eabi/bin/../lib/gcc/arm-none-eabi/12.3.1/../../../../arm-none-eabi/lib/thumb/v7-m/nofp/libc_nano.a(libc_a-impure.o)
                0x20000024                _impure_ptr
 .data._impure_data
                0x20000028       0x4c /opt/gcc-arm-none-eabi/bin/../lib/gcc/arm-none-eabi/12.3.1/../../../../arm-none-eabi/lib/thumb/v7-m/nofp/libc_nano.a(libc_a-impure.o)
                0x20000028                _impure_data
                0x20000074                        . = ALIGN (0x4)
                0x20000074                        _edata = .

.tm_clone_table
                0x20000074        0x0 load address 0x080028e0
 .tm_clone_table
                0x20000074        0x0 /opt/gcc-arm-none-eabi/bin/../lib/gcc/arm-none-eabi/12.3.1/thumb/v7-m/nofp/crtbegin.o
 .tm_clone_table
                0x20000074        0x0 /opt/gcc-arm-none-eabi/bin/../lib/gcc/arm-none-eabi/12.3.1/thumb/v7-m/nofp/crtend.o

.igot.plt       0x20000074        0x0 load address 0x080028e0
 .igot.plt      0x20000074        0x0 /opt/gcc-arm-none-eabi/bin/../lib/gcc/arm-none-eabi/12.3.1/thumb/v7-m/nofp/crtbegin.o
                0x20000074                        . = ALIGN (0x4)

.bss            0x20000074      0x248 load address 0x080028e0
                0x20000074                        _sbss = .
                0x20000074                        __bss_start__ = _sbss
 *(.bss)
 *(.bss*)
 .bss.completed.1
                0x20000074        0x1 /opt/gcc-arm-none-eabi/bin/../lib/gcc/arm-none-eabi/12.3.1/thumb/v7-m/nofp/crtbegin.o
 *fill*         0x20000075        0x3 
 .bss.object.0  0x20000078       0x18 /opt/gcc-arm-none-eabi/bin/../lib/gcc/arm-none-eabi/12.3.1/thumb/v7-m/nofp/crtbegin.o
 .bss.message   0x20000090       0x23 build/main.o
                0x20000090                message
 .bss.ishold2   0x200000b3        0x1 build/main.o
                0x200000b3                ishold2
 .bss.ishold1   0x200000b4        0x1 build/main.o
                0x200000b4                ishold1
 .bss.mode3forled
                0x200000b5        0x1 build/main.o
                0x200000b5                mode3forled
 .bss.mode2forled
                0x200000b6        0x1 build/main.o
                0x200000b6                mode2forled
 .bss.stateofled
                0x200000b7        0x1 build/main.o
                0x200000b7                stateofled
 .bss.t_press_s2
                0x200000b8        0x4 build/main.o
                0x200000b8                t_press_s2
 .bss.t_press_s1
                0x200000bc        0x4 build/main.o
                0x200000bc                t_press_s1
 .bss.t_diff_s2
                0x200000c0        0x4 build/main.o
                0x200000c0                t_diff_s2
 .bss.t_diff_s1
                0x200000c4        0x4 build/main.o
                0x200000c4                t_diff_s1
 .bss.t_0_s2    0x200000c8        0x4 build/main.o
                0x200000c8                t_0_s2
 .bss.t_0_s1    0x200000cc        0x4 build/main.o
                0x200000cc                t_0_s1
 .bss.t_s2      0x200000d0        0x4 build/main.o
                0x200000d0                t_s2
 .bss.t_s1      0x200000d4        0x4 build/main.o
                0x200000d4                t_s1
 .bss.pre_state_button2_t
                0x200000d8        0x1 build/main.o
                0x200000d8                pre_state_button2_t
 .bss.pre_state_button1_t
                0x200000d9        0x1 build/main.o
                0x200000d9                pre_state_button1_t
 .bss.state_button2_t
                0x200000da        0x1 build/main.o
                0x200000da                state_button2_t
 .bss.state_button1_t
                0x200000db        0x1 build/main.o
                0x200000db                state_button1_t
 .bss.huart1    0x200000dc       0x48 build/main.o
                0x200000dc                huart1
 .bss.htim3     0x20000124       0x48 build/main.o
                0x20000124                htim3
 .bss.uwTick    0x2000016c        0x4 build/stm32f1xx_hal.o
                0x2000016c                uwTick
 .bss.__sf      0x20000170      0x138 /opt/gcc-arm-none-eabi/bin/../lib/gcc/arm-none-eabi/12.3.1/../../../../arm-none-eabi/lib/thumb/v7-m/nofp/libc_nano.a(libc_a-findfp.o)
                0x20000170                __sf
 .bss.__lock___malloc_recursive_mutex
                0x200002a8        0x1 /opt/gcc-arm-none-eabi/bin/../lib/gcc/arm-none-eabi/12.3.1/../../../../arm-none-eabi/lib/thumb/v7-m/nofp/libc_nano.a(libc_a-lock.o)
                0x200002a8                __lock___malloc_recursive_mutex
 *fill*         0x200002a9        0x3 
 .bss.errno     0x200002ac        0x4 /opt/gcc-arm-none-eabi/bin/../lib/gcc/arm-none-eabi/12.3.1/../../../../arm-none-eabi/lib/thumb/v7-m/nofp/libc_nano.a(libc_a-reent.o)
                0x200002ac                errno
 .bss.__malloc_sbrk_start
                0x200002b0        0x4 /opt/gcc-arm-none-eabi/bin/../lib/gcc/arm-none-eabi/12.3.1/../../../../arm-none-eabi/lib/thumb/v7-m/nofp/libc_nano.a(libc_a-mallocr.o)
                0x200002b0                __malloc_sbrk_start
 .bss.__malloc_free_list
                0x200002b4        0x4 /opt/gcc-arm-none-eabi/bin/../lib/gcc/arm-none-eabi/12.3.1/../../../../arm-none-eabi/lib/thumb/v7-m/nofp/libc_nano.a(libc_a-mallocr.o)
                0x200002b4                __malloc_free_list
 .bss.heap_end.0
                0x200002b8        0x4 /opt/gcc-arm-none-eabi/bin/../lib/gcc/arm-none-eabi/12.3.1/../../../../arm-none-eabi/lib/thumb/v7-m/nofp/libnosys.a(sbrk.o)
 *(COMMON)
                0x200002bc                        . = ALIGN (0x4)
                0x200002bc                        _ebss = .
                0x200002bc                        __bss_end__ = _ebss

._user_heap_stack
                0x200002bc      0x604 load address 0x080028e0
                0x200002c0                        . = ALIGN (0x8)
 *fill*         0x200002bc        0x4 
                0x200002c0                        PROVIDE (end = .)
                [!provide]                        PROVIDE (_end = .)
                0x200004c0                        . = (. + _Min_Heap_Size)
 *fill*         0x200002c0      0x200 
                0x200008c0                        . = (. + _Min_Stack_Size)
 *fill*         0x200004c0      0x400 
                0x200008c0                        . = ALIGN (0x8)

/DISCARD/
 libc.a(*)
 libm.a(*)
 libgcc.a(*)

.ARM.attributes
                0x00000000       0x29
 *(.ARM.attributes)
 .ARM.attributes
                0x00000000       0x1d /opt/gcc-arm-none-eabi/bin/../lib/gcc/arm-none-eabi/12.3.1/thumb/v7-m/nofp/crti.o
 .ARM.attributes
                0x0000001d       0x2d /opt/gcc-arm-none-eabi/bin/../lib/gcc/arm-none-eabi/12.3.1/thumb/v7-m/nofp/crtbegin.o
 .ARM.attributes
                0x0000004a       0x2d build/main.o
 .ARM.attributes
                0x00000077       0x2d build/stm32f1xx_hal_msp.o
 .ARM.attributes
                0x000000a4       0x2d build/stm32f1xx_it.o
 .ARM.attributes
                0x000000d1       0x2d build/system_stm32f1xx.o
 .ARM.attributes
                0x000000fe       0x2d build/stm32f1xx_hal.o
 .ARM.attributes
                0x0000012b       0x2d build/stm32f1xx_hal_cortex.o
 .ARM.attributes
                0x00000158       0x2d build/stm32f1xx_hal_gpio.o
 .ARM.attributes
                0x00000185       0x2d build/stm32f1xx_hal_rcc.o
 .ARM.attributes
                0x000001b2       0x2d build/stm32f1xx_hal_tim.o
 .ARM.attributes
                0x000001df       0x2d build/stm32f1xx_hal_tim_ex.o
 .ARM.attributes
                0x0000020c       0x2d build/stm32f1xx_hal_uart.o
 .ARM.attributes
                0x00000239       0x21 build/startup_stm32f103xb.o
 .ARM.attributes
                0x0000025a       0x2d /opt/gcc-arm-none-eabi/bin/../lib/gcc/arm-none-eabi/12.3.1/../../../../arm-none-eabi/lib/thumb/v7-m/nofp/libc_nano.a(libc_a-init.o)
 .ARM.attributes
                0x00000287       0x17 /opt/gcc-arm-none-eabi/bin/../lib/gcc/arm-none-eabi/12.3.1/../../../../arm-none-eabi/lib/thumb/v7-m/nofp/libc_nano.a(libc_a-strlen.o)
 .ARM.attributes
                0x0000029e       0x2d /opt/gcc-arm-none-eabi/bin/../lib/gcc/arm-none-eabi/12.3.1/../../../../arm-none-eabi/lib/thumb/v7-m/nofp/libc_nano.a(libc_a-findfp.o)
 .ARM.attributes
                0x000002cb       0x2d /opt/gcc-arm-none-eabi/bin/../lib/gcc/arm-none-eabi/12.3.1/../../../../arm-none-eabi/lib/thumb/v7-m/nofp/libc_nano.a(libc_a-sprintf.o)
 .ARM.attributes
                0x000002f8       0x2d /opt/gcc-arm-none-eabi/bin/../lib/gcc/arm-none-eabi/12.3.1/../../../../arm-none-eabi/lib/thumb/v7-m/nofp/libc_nano.a(libc_a-memset.o)
 .ARM.attributes
                0x00000325       0x2d /opt/gcc-arm-none-eabi/bin/../lib/gcc/arm-none-eabi/12.3.1/../../../../arm-none-eabi/lib/thumb/v7-m/nofp/libc_nano.a(libc_a-lock.o)
 .ARM.attributes
                0x00000352       0x2d /opt/gcc-arm-none-eabi/bin/../lib/gcc/arm-none-eabi/12.3.1/../../../../arm-none-eabi/lib/thumb/v7-m/nofp/libc_nano.a(libc_a-nano-svfprintf.o)
 .ARM.attributes
                0x0000037f       0x2d /opt/gcc-arm-none-eabi/bin/../lib/gcc/arm-none-eabi/12.3.1/../../../../arm-none-eabi/lib/thumb/v7-m/nofp/libc_nano.a(libc_a-nano-vfprintf_i.o)
 .ARM.attributes
                0x000003ac       0x2d /opt/gcc-arm-none-eabi/bin/../lib/gcc/arm-none-eabi/12.3.1/../../../../arm-none-eabi/lib/thumb/v7-m/nofp/libc_nano.a(libc_a-reent.o)
 .ARM.attributes
                0x000003d9       0x2d /opt/gcc-arm-none-eabi/bin/../lib/gcc/arm-none-eabi/12.3.1/../../../../arm-none-eabi/lib/thumb/v7-m/nofp/libc_nano.a(libc_a-impure.o)
 .ARM.attributes
                0x00000406       0x2d /opt/gcc-arm-none-eabi/bin/../lib/gcc/arm-none-eabi/12.3.1/../../../../arm-none-eabi/lib/thumb/v7-m/nofp/libc_nano.a(libc_a-memchr-stub.o)
 .ARM.attributes
                0x00000433       0x2d /opt/gcc-arm-none-eabi/bin/../lib/gcc/arm-none-eabi/12.3.1/../../../../arm-none-eabi/lib/thumb/v7-m/nofp/libc_nano.a(libc_a-memcpy-stub.o)
 .ARM.attributes
                0x00000460       0x2d /opt/gcc-arm-none-eabi/bin/../lib/gcc/arm-none-eabi/12.3.1/../../../../arm-none-eabi/lib/thumb/v7-m/nofp/libc_nano.a(libc_a-mallocr.o)
 .ARM.attributes
                0x0000048d       0x2d /opt/gcc-arm-none-eabi/bin/../lib/gcc/arm-none-eabi/12.3.1/../../../../arm-none-eabi/lib/thumb/v7-m/nofp/libc_nano.a(libc_a-mlock.o)
 .ARM.attributes
                0x000004ba       0x2d /opt/gcc-arm-none-eabi/bin/../lib/gcc/arm-none-eabi/12.3.1/../../../../arm-none-eabi/lib/thumb/v7-m/nofp/libc_nano.a(libc_a-sbrkr.o)
 .ARM.attributes
                0x000004e7       0x2d /opt/gcc-arm-none-eabi/bin/../lib/gcc/arm-none-eabi/12.3.1/../../../../arm-none-eabi/lib/thumb/v7-m/nofp/libc_nano.a(libc_a-memmove.o)
 .ARM.attributes
                0x00000514       0x2d /opt/gcc-arm-none-eabi/bin/../lib/gcc/arm-none-eabi/12.3.1/../../../../arm-none-eabi/lib/thumb/v7-m/nofp/libc_nano.a(libc_a-reallocr.o)
 .ARM.attributes
                0x00000541       0x2d /opt/gcc-arm-none-eabi/bin/../lib/gcc/arm-none-eabi/12.3.1/../../../../arm-none-eabi/lib/thumb/v7-m/nofp/libc_nano.a(libc_a-freer.o)
 .ARM.attributes
                0x0000056e       0x2d /opt/gcc-arm-none-eabi/bin/../lib/gcc/arm-none-eabi/12.3.1/../../../../arm-none-eabi/lib/thumb/v7-m/nofp/libc_nano.a(libc_a-msizer.o)
 .ARM.attributes
                0x0000059b       0x2d /opt/gcc-arm-none-eabi/bin/../lib/gcc/arm-none-eabi/12.3.1/../../../../arm-none-eabi/lib/thumb/v7-m/nofp/libnosys.a(sbrk.o)
 .ARM.attributes
                0x000005c8       0x2d /opt/gcc-arm-none-eabi/bin/../lib/gcc/arm-none-eabi/12.3.1/thumb/v7-m/nofp/crtend.o
 .ARM.attributes
                0x000005f5       0x1d /opt/gcc-arm-none-eabi/bin/../lib/gcc/arm-none-eabi/12.3.1/thumb/v7-m/nofp/crtn.o
OUTPUT(build/lab1_ce437.elf elf32-littlearm)
LOAD linker stubs
LOAD /opt/gcc-arm-none-eabi/bin/../lib/gcc/arm-none-eabi/12.3.1/../../../../arm-none-eabi/lib/thumb/v7-m/nofp/libc.a
LOAD /opt/gcc-arm-none-eabi/bin/../lib/gcc/arm-none-eabi/12.3.1/../../../../arm-none-eabi/lib/thumb/v7-m/nofp/libm.a
LOAD /opt/gcc-arm-none-eabi/bin/../lib/gcc/arm-none-eabi/12.3.1/thumb/v7-m/nofp/libgcc.a

.debug_info     0x00000000     0xec83
 .debug_info    0x00000000     0x1b3b build/main.o
 .debug_info    0x00001b3b      0xdd0 build/stm32f1xx_hal_msp.o
 .debug_info    0x0000290b      0x6b9 build/stm32f1xx_it.o
 .debug_info    0x00002fc4      0x22d build/system_stm32f1xx.o
 .debug_info    0x000031f1      0x7a2 build/stm32f1xx_hal.o
 .debug_info    0x00003993      0xcad build/stm32f1xx_hal_cortex.o
 .debug_info    0x00004640      0x604 build/stm32f1xx_hal_gpio.o
 .debug_info    0x00004c44      0x9c7 build/stm32f1xx_hal_rcc.o
 .debug_info    0x0000560b     0x3b74 build/stm32f1xx_hal_tim.o
 .debug_info    0x0000917f     0x1a88 build/stm32f1xx_hal_tim_ex.o
 .debug_info    0x0000ac07     0x404c build/stm32f1xx_hal_uart.o
 .debug_info    0x0000ec53       0x30 build/startup_stm32f103xb.o

.debug_abbrev   0x00000000     0x1a49
 .debug_abbrev  0x00000000      0x30e build/main.o
 .debug_abbrev  0x0000030e      0x20f build/stm32f1xx_hal_msp.o
 .debug_abbrev  0x0000051d      0x19a build/stm32f1xx_it.o
 .debug_abbrev  0x000006b7      0x143 build/system_stm32f1xx.o
 .debug_abbrev  0x000007fa      0x22d build/stm32f1xx_hal.o
 .debug_abbrev  0x00000a27      0x36d build/stm32f1xx_hal_cortex.o
 .debug_abbrev  0x00000d94      0x1f7 build/stm32f1xx_hal_gpio.o
 .debug_abbrev  0x00000f8b      0x2a0 build/stm32f1xx_hal_rcc.o
 .debug_abbrev  0x0000122b      0x270 build/stm32f1xx_hal_tim.o
 .debug_abbrev  0x0000149b      0x26e build/stm32f1xx_hal_tim_ex.o
 .debug_abbrev  0x00001709      0x31c build/stm32f1xx_hal_uart.o
 .debug_abbrev  0x00001a25       0x24 build/startup_stm32f103xb.o

.debug_loclists
                0x00000000     0x7ea5
 .debug_loclists
                0x00000000      0x118 build/main.o
 .debug_loclists
                0x00000118       0xa6 build/stm32f1xx_hal_msp.o
 .debug_loclists
                0x000001be       0xa5 build/system_stm32f1xx.o
 .debug_loclists
                0x00000263       0xc9 build/stm32f1xx_hal.o
 .debug_loclists
                0x0000032c      0x422 build/stm32f1xx_hal_cortex.o
 .debug_loclists
                0x0000074e      0x2e8 build/stm32f1xx_hal_gpio.o
 .debug_loclists
                0x00000a36      0x3f8 build/stm32f1xx_hal_rcc.o
 .debug_loclists
                0x00000e2e     0x3332 build/stm32f1xx_hal_tim.o
 .debug_loclists
                0x00004160     0x124c build/stm32f1xx_hal_tim_ex.o
 .debug_loclists
                0x000053ac     0x2af9 build/stm32f1xx_hal_uart.o

.debug_aranges  0x00000000      0xb78
 .debug_aranges
                0x00000000       0xb8 build/main.o
 .debug_aranges
                0x000000b8       0x40 build/stm32f1xx_hal_msp.o
 .debug_aranges
                0x000000f8       0x68 build/stm32f1xx_it.o
 .debug_aranges
                0x00000160       0x28 build/system_stm32f1xx.o
 .debug_aranges
                0x00000188       0xe0 build/stm32f1xx_hal.o
 .debug_aranges
                0x00000268       0xc0 build/stm32f1xx_hal_cortex.o
 .debug_aranges
                0x00000328       0x58 build/stm32f1xx_hal_gpio.o
 .debug_aranges
                0x00000380       0x90 build/stm32f1xx_hal_rcc.o
 .debug_aranges
                0x00000410      0x3d0 build/stm32f1xx_hal_tim.o
 .debug_aranges
                0x000007e0      0x168 build/stm32f1xx_hal_tim_ex.o
 .debug_aranges
                0x00000948      0x208 build/stm32f1xx_hal_uart.o
 .debug_aranges
                0x00000b50       0x28 build/startup_stm32f103xb.o

.debug_rnglists
                0x00000000      0x8ef
 .debug_rnglists
                0x00000000       0xa5 build/main.o
 .debug_rnglists
                0x000000a5       0x2b build/stm32f1xx_hal_msp.o
 .debug_rnglists
                0x000000d0       0x49 build/stm32f1xx_it.o
 .debug_rnglists
                0x00000119       0x1a build/system_stm32f1xx.o
 .debug_rnglists
                0x00000133       0xa3 build/stm32f1xx_hal.o
 .debug_rnglists
                0x000001d6       0x8b build/stm32f1xx_hal_cortex.o
 .debug_rnglists
                0x00000261       0x3f build/stm32f1xx_hal_gpio.o
 .debug_rnglists
                0x000002a0       0x7d build/stm32f1xx_hal_rcc.o
 .debug_rnglists
                0x0000031d      0x2fe build/stm32f1xx_hal_tim.o
 .debug_rnglists
                0x0000061b      0x11a build/stm32f1xx_hal_tim_ex.o
 .debug_rnglists
                0x00000735      0x1a1 build/stm32f1xx_hal_uart.o
 .debug_rnglists
                0x000008d6       0x19 build/startup_stm32f103xb.o

.debug_line     0x00000000     0xd76f
 .debug_line    0x00000000      0xb19 build/main.o
 .debug_line    0x00000b19      0x2e0 build/stm32f1xx_hal_msp.o
 .debug_line    0x00000df9      0x297 build/stm32f1xx_it.o
 .debug_line    0x00001090      0x1f2 build/system_stm32f1xx.o
 .debug_line    0x00001282      0x4da build/stm32f1xx_hal.o
 .debug_line    0x0000175c      0x67d build/stm32f1xx_hal_cortex.o
 .debug_line    0x00001dd9      0x557 build/stm32f1xx_hal_gpio.o
 .debug_line    0x00002330      0xbc2 build/stm32f1xx_hal_rcc.o
 .debug_line    0x00002ef2     0x48b3 build/stm32f1xx_hal_tim.o
 .debug_line    0x000077a5     0x1bfe build/stm32f1xx_hal_tim_ex.o
 .debug_line    0x000093a3     0x4358 build/stm32f1xx_hal_uart.o
 .debug_line    0x0000d6fb       0x74 build/startup_stm32f103xb.o

.debug_str      0x00000000     0x369a
 .debug_str     0x00000000      0xe8f build/main.o
                                0xfb1 (size before relaxing)
 .debug_str     0x00000e8f      0x3e2 build/stm32f1xx_hal_msp.o
                                0xca5 (size before relaxing)
 .debug_str     0x00001271       0xd7 build/stm32f1xx_it.o
                                0x6e6 (size before relaxing)
 .debug_str     0x00001348       0x7b build/system_stm32f1xx.o
                                0x227 (size before relaxing)
 .debug_str     0x000013c3      0x2ed build/stm32f1xx_hal.o
                                0x801 (size before relaxing)
 .debug_str     0x000016b0      0x391 build/stm32f1xx_hal_cortex.o
                                0x8a6 (size before relaxing)
 .debug_str     0x00001a41       0xe5 build/stm32f1xx_hal_gpio.o
                                0x3d3 (size before relaxing)
 .debug_str     0x00001b26      0x1f1 build/stm32f1xx_hal_rcc.o
                                0x5fe (size before relaxing)
 .debug_str     0x00001d17      0xe45 build/stm32f1xx_hal_tim.o
                               0x1648 (size before relaxing)
 .debug_str     0x00002b5c      0x4eb build/stm32f1xx_hal_tim_ex.o
                                0xe64 (size before relaxing)
 .debug_str     0x00003047      0x621 build/stm32f1xx_hal_uart.o
                                0xcc7 (size before relaxing)
 .debug_str     0x00003668       0x32 build/startup_stm32f103xb.o
                                 0x5a (size before relaxing)

.comment        0x00000000       0x45
 .comment       0x00000000       0x45 build/main.o
                                 0x46 (size before relaxing)
 .comment       0x00000045       0x46 build/stm32f1xx_hal_msp.o
 .comment       0x00000045       0x46 build/stm32f1xx_it.o
 .comment       0x00000045       0x46 build/system_stm32f1xx.o
 .comment       0x00000045       0x46 build/stm32f1xx_hal.o
 .comment       0x00000045       0x46 build/stm32f1xx_hal_cortex.o
 .comment       0x00000045       0x46 build/stm32f1xx_hal_gpio.o
 .comment       0x00000045       0x46 build/stm32f1xx_hal_rcc.o
 .comment       0x00000045       0x46 build/stm32f1xx_hal_tim.o
 .comment       0x00000045       0x46 build/stm32f1xx_hal_tim_ex.o
 .comment       0x00000045       0x46 build/stm32f1xx_hal_uart.o

.debug_frame    0x00000000     0x2404
 .debug_frame   0x00000000      0x210 build/main.o
 .debug_frame   0x00000210       0x94 build/stm32f1xx_hal_msp.o
 .debug_frame   0x000002a4       0xc0 build/stm32f1xx_it.o
 .debug_frame   0x00000364       0x30 build/system_stm32f1xx.o
 .debug_frame   0x00000394      0x1cc build/stm32f1xx_hal.o
 .debug_frame   0x00000560      0x19c build/stm32f1xx_hal_cortex.o
 .debug_frame   0x000006fc       0xe4 build/stm32f1xx_hal_gpio.o
 .debug_frame   0x000007e0      0x184 build/stm32f1xx_hal_rcc.o
 .debug_frame   0x00000964      0xb14 build/stm32f1xx_hal_tim.o
 .debug_frame   0x00001478      0x40c build/stm32f1xx_hal_tim_ex.o
 .debug_frame   0x00001884      0x5d4 build/stm32f1xx_hal_uart.o
 .debug_frame   0x00001e58       0x2c /opt/gcc-arm-none-eabi/bin/../lib/gcc/arm-none-eabi/12.3.1/../../../../arm-none-eabi/lib/thumb/v7-m/nofp/libc_nano.a(libc_a-init.o)
 .debug_frame   0x00001e84      0x144 /opt/gcc-arm-none-eabi/bin/../lib/gcc/arm-none-eabi/12.3.1/../../../../arm-none-eabi/lib/thumb/v7-m/nofp/libc_nano.a(libc_a-findfp.o)
 .debug_frame   0x00001fc8       0x6c /opt/gcc-arm-none-eabi/bin/../lib/gcc/arm-none-eabi/12.3.1/../../../../arm-none-eabi/lib/thumb/v7-m/nofp/libc_nano.a(libc_a-sprintf.o)
 .debug_frame   0x00002034       0x20 /opt/gcc-arm-none-eabi/bin/../lib/gcc/arm-none-eabi/12.3.1/../../../../arm-none-eabi/lib/thumb/v7-m/nofp/libc_nano.a(libc_a-memset.o)
 .debug_frame   0x00002054       0xb0 /opt/gcc-arm-none-eabi/bin/../lib/gcc/arm-none-eabi/12.3.1/../../../../arm-none-eabi/lib/thumb/v7-m/nofp/libc_nano.a(libc_a-lock.o)
 .debug_frame   0x00002104       0x90 /opt/gcc-arm-none-eabi/bin/../lib/gcc/arm-none-eabi/12.3.1/../../../../arm-none-eabi/lib/thumb/v7-m/nofp/libc_nano.a(libc_a-nano-svfprintf.o)
 .debug_frame   0x00002194       0x60 /opt/gcc-arm-none-eabi/bin/../lib/gcc/arm-none-eabi/12.3.1/../../../../arm-none-eabi/lib/thumb/v7-m/nofp/libc_nano.a(libc_a-nano-vfprintf_i.o)
 .debug_frame   0x000021f4       0x38 /opt/gcc-arm-none-eabi/bin/../lib/gcc/arm-none-eabi/12.3.1/../../../../arm-none-eabi/lib/thumb/v7-m/nofp/libc_nano.a(libc_a-reent.o)
 .debug_frame   0x0000222c       0x28 /opt/gcc-arm-none-eabi/bin/../lib/gcc/arm-none-eabi/12.3.1/../../../../arm-none-eabi/lib/thumb/v7-m/nofp/libc_nano.a(libc_a-memchr-stub.o)
 .debug_frame   0x00002254       0x28 /opt/gcc-arm-none-eabi/bin/../lib/gcc/arm-none-eabi/12.3.1/../../../../arm-none-eabi/lib/thumb/v7-m/nofp/libc_nano.a(libc_a-memcpy-stub.o)
 .debug_frame   0x0000227c       0x50 /opt/gcc-arm-none-eabi/bin/../lib/gcc/arm-none-eabi/12.3.1/../../../../arm-none-eabi/lib/thumb/v7-m/nofp/libc_nano.a(libc_a-mallocr.o)
 .debug_frame   0x000022cc       0x30 /opt/gcc-arm-none-eabi/bin/../lib/gcc/arm-none-eabi/12.3.1/../../../../arm-none-eabi/lib/thumb/v7-m/nofp/libc_nano.a(libc_a-mlock.o)
 .debug_frame   0x000022fc       0x2c /opt/gcc-arm-none-eabi/bin/../lib/gcc/arm-none-eabi/12.3.1/../../../../arm-none-eabi/lib/thumb/v7-m/nofp/libc_nano.a(libc_a-sbrkr.o)
 .debug_frame   0x00002328       0x28 /opt/gcc-arm-none-eabi/bin/../lib/gcc/arm-none-eabi/12.3.1/../../../../arm-none-eabi/lib/thumb/v7-m/nofp/libc_nano.a(libc_a-memmove.o)
 .debug_frame   0x00002350       0x3c /opt/gcc-arm-none-eabi/bin/../lib/gcc/arm-none-eabi/12.3.1/../../../../arm-none-eabi/lib/thumb/v7-m/nofp/libc_nano.a(libc_a-reallocr.o)
 .debug_frame   0x0000238c       0x38 /opt/gcc-arm-none-eabi/bin/../lib/gcc/arm-none-eabi/12.3.1/../../../../arm-none-eabi/lib/thumb/v7-m/nofp/libc_nano.a(libc_a-freer.o)
 .debug_frame   0x000023c4       0x20 /opt/gcc-arm-none-eabi/bin/../lib/gcc/arm-none-eabi/12.3.1/../../../../arm-none-eabi/lib/thumb/v7-m/nofp/libc_nano.a(libc_a-msizer.o)
 .debug_frame   0x000023e4       0x20 /opt/gcc-arm-none-eabi/bin/../lib/gcc/arm-none-eabi/12.3.1/../../../../arm-none-eabi/lib/thumb/v7-m/nofp/libnosys.a(sbrk.o)

.debug_line_str
                0x00000000      0x11e
 .debug_line_str
                0x00000000       0x3e build/startup_stm32f103xb.o
 .debug_line_str
                0x0000003e       0xe0 /opt/gcc-arm-none-eabi/bin/../lib/gcc/arm-none-eabi/12.3.1/../../../../arm-none-eabi/lib/thumb/v7-m/nofp/libc_nano.a(libc_a-strlen.o)

Cross Reference Table

Symbol                                            File
ADC1_2_IRQHandler                                 build/startup_stm32f103xb.o
AHBPrescTable                                     build/system_stm32f1xx.o
                                                  build/stm32f1xx_hal_rcc.o
APBPrescTable                                     build/system_stm32f1xx.o
                                                  build/stm32f1xx_hal_rcc.o
BusFault_Handler                                  build/stm32f1xx_it.o
CAN1_RX1_IRQHandler                               build/startup_stm32f103xb.o
CAN1_SCE_IRQHandler                               build/startup_stm32f103xb.o
DMA1_Channel1_IRQHandler                          build/startup_stm32f103xb.o
DMA1_Channel2_IRQHandler                          build/startup_stm32f103xb.o
DMA1_Channel3_IRQHandler                          build/startup_stm32f103xb.o
DMA1_Channel4_IRQHandler                          build/startup_stm32f103xb.o
DMA1_Channel5_IRQHandler                          build/startup_stm32f103xb.o
DMA1_Channel6_IRQHandler                          build/startup_stm32f103xb.o
DMA1_Channel7_IRQHandler                          build/startup_stm32f103xb.o
DebugMon_Handler                                  build/stm32f1xx_it.o
Default_Handler                                   build/startup_stm32f103xb.o
EXTI0_IRQHandler                                  build/startup_stm32f103xb.o
EXTI15_10_IRQHandler                              build/startup_stm32f103xb.o
EXTI1_IRQHandler                                  build/startup_stm32f103xb.o
EXTI2_IRQHandler                                  build/startup_stm32f103xb.o
EXTI3_IRQHandler                                  build/startup_stm32f103xb.o
EXTI4_IRQHandler                                  build/startup_stm32f103xb.o
EXTI9_5_IRQHandler                                build/startup_stm32f103xb.o
Error_Handler                                     build/main.o
FLASH_IRQHandler                                  build/startup_stm32f103xb.o
FLASH_PageErase                                   build/stm32f1xx_hal_flash_ex.o
                                                  build/stm32f1xx_hal_flash.o
FLASH_WaitForLastOperation                        build/stm32f1xx_hal_flash.o
                                                  build/stm32f1xx_hal_flash_ex.o
HAL_DBGMCU_DisableDBGSleepMode                    build/stm32f1xx_hal.o
HAL_DBGMCU_DisableDBGStandbyMode                  build/stm32f1xx_hal.o
HAL_DBGMCU_DisableDBGStopMode                     build/stm32f1xx_hal.o
HAL_DBGMCU_EnableDBGSleepMode                     build/stm32f1xx_hal.o
HAL_DBGMCU_EnableDBGStandbyMode                   build/stm32f1xx_hal.o
HAL_DBGMCU_EnableDBGStopMode                      build/stm32f1xx_hal.o
HAL_DMA_Abort                                     build/stm32f1xx_hal_dma.o
                                                  build/stm32f1xx_hal_uart.o
HAL_DMA_Abort_IT                                  build/stm32f1xx_hal_dma.o
                                                  build/stm32f1xx_hal_uart.o
                                                  build/stm32f1xx_hal_tim_ex.o
                                                  build/stm32f1xx_hal_tim.o
HAL_DMA_DeInit                                    build/stm32f1xx_hal_dma.o
HAL_DMA_GetError                                  build/stm32f1xx_hal_dma.o
                                                  build/stm32f1xx_hal_uart.o
HAL_DMA_GetState                                  build/stm32f1xx_hal_dma.o
HAL_DMA_IRQHandler                                build/stm32f1xx_hal_dma.o
HAL_DMA_Init                                      build/stm32f1xx_hal_dma.o
HAL_DMA_PollForTransfer                           build/stm32f1xx_hal_dma.o
HAL_DMA_RegisterCallback                          build/stm32f1xx_hal_dma.o
HAL_DMA_Start                                     build/stm32f1xx_hal_dma.o
HAL_DMA_Start_IT                                  build/stm32f1xx_hal_dma.o
                                                  build/stm32f1xx_hal_uart.o
                                                  build/stm32f1xx_hal_tim_ex.o
                                                  build/stm32f1xx_hal_tim.o
HAL_DMA_UnRegisterCallback                        build/stm32f1xx_hal_dma.o
HAL_DeInit                                        build/stm32f1xx_hal.o
HAL_Delay                                         build/stm32f1xx_hal.o
HAL_EXTI_ClearConfigLine                          build/stm32f1xx_hal_exti.o
HAL_EXTI_ClearPending                             build/stm32f1xx_hal_exti.o
HAL_EXTI_GenerateSWI                              build/stm32f1xx_hal_exti.o
HAL_EXTI_GetConfigLine                            build/stm32f1xx_hal_exti.o
HAL_EXTI_GetHandle                                build/stm32f1xx_hal_exti.o
HAL_EXTI_GetPending                               build/stm32f1xx_hal_exti.o
HAL_EXTI_IRQHandler                               build/stm32f1xx_hal_exti.o
HAL_EXTI_RegisterCallback                         build/stm32f1xx_hal_exti.o
HAL_EXTI_SetConfigLine                            build/stm32f1xx_hal_exti.o
HAL_FLASHEx_Erase                                 build/stm32f1xx_hal_flash_ex.o
HAL_FLASHEx_Erase_IT                              build/stm32f1xx_hal_flash_ex.o
HAL_FLASHEx_OBErase                               build/stm32f1xx_hal_flash_ex.o
HAL_FLASHEx_OBGetConfig                           build/stm32f1xx_hal_flash_ex.o
HAL_FLASHEx_OBGetUserData                         build/stm32f1xx_hal_flash_ex.o
HAL_FLASHEx_OBProgram                             build/stm32f1xx_hal_flash_ex.o
HAL_FLASH_EndOfOperationCallback                  build/stm32f1xx_hal_flash.o
HAL_FLASH_GetError                                build/stm32f1xx_hal_flash.o
HAL_FLASH_IRQHandler                              build/stm32f1xx_hal_flash.o
HAL_FLASH_Lock                                    build/stm32f1xx_hal_flash.o
HAL_FLASH_OB_Launch                               build/stm32f1xx_hal_flash.o
HAL_FLASH_OB_Lock                                 build/stm32f1xx_hal_flash.o
HAL_FLASH_OB_Unlock                               build/stm32f1xx_hal_flash.o
HAL_FLASH_OperationErrorCallback                  build/stm32f1xx_hal_flash.o
HAL_FLASH_Program                                 build/stm32f1xx_hal_flash.o
HAL_FLASH_Program_IT                              build/stm32f1xx_hal_flash.o
HAL_FLASH_Unlock                                  build/stm32f1xx_hal_flash.o
HAL_GPIOEx_ConfigEventout                         build/stm32f1xx_hal_gpio_ex.o
HAL_GPIOEx_DisableEventout                        build/stm32f1xx_hal_gpio_ex.o
HAL_GPIOEx_EnableEventout                         build/stm32f1xx_hal_gpio_ex.o
HAL_GPIO_DeInit                                   build/stm32f1xx_hal_gpio.o
                                                  build/stm32f1xx_hal_msp.o
HAL_GPIO_EXTI_Callback                            build/stm32f1xx_hal_gpio.o
HAL_GPIO_EXTI_IRQHandler                          build/stm32f1xx_hal_gpio.o
HAL_GPIO_Init                                     build/stm32f1xx_hal_gpio.o
                                                  build/stm32f1xx_hal_rcc.o
                                                  build/stm32f1xx_hal_msp.o
                                                  build/main.o
HAL_GPIO_LockPin                                  build/stm32f1xx_hal_gpio.o
HAL_GPIO_ReadPin                                  build/stm32f1xx_hal_gpio.o
                                                  build/main.o
HAL_GPIO_TogglePin                                build/stm32f1xx_hal_gpio.o
                                                  build/main.o
HAL_GPIO_WritePin                                 build/stm32f1xx_hal_gpio.o
                                                  build/main.o
HAL_GetDEVID                                      build/stm32f1xx_hal.o
HAL_GetHalVersion                                 build/stm32f1xx_hal.o
HAL_GetREVID                                      build/stm32f1xx_hal.o
HAL_GetTick                                       build/stm32f1xx_hal.o
                                                  build/stm32f1xx_hal_uart.o
                                                  build/stm32f1xx_hal_rcc_ex.o
                                                  build/stm32f1xx_hal_rcc.o
                                                  build/stm32f1xx_hal_flash.o
                                                  build/stm32f1xx_hal_dma.o
                                                  build/main.o
HAL_GetTickFreq                                   build/stm32f1xx_hal.o
HAL_GetTickPrio                                   build/stm32f1xx_hal.o
HAL_GetUIDw0                                      build/stm32f1xx_hal.o
HAL_GetUIDw1                                      build/stm32f1xx_hal.o
HAL_GetUIDw2                                      build/stm32f1xx_hal.o
HAL_HalfDuplex_EnableReceiver                     build/stm32f1xx_hal_uart.o
HAL_HalfDuplex_EnableTransmitter                  build/stm32f1xx_hal_uart.o
HAL_HalfDuplex_Init                               build/stm32f1xx_hal_uart.o
HAL_IncTick                                       build/stm32f1xx_hal.o
                                                  build/stm32f1xx_it.o
HAL_Init                                          build/stm32f1xx_hal.o
                                                  build/main.o
HAL_InitTick                                      build/stm32f1xx_hal.o
                                                  build/stm32f1xx_hal_rcc.o
HAL_LIN_Init                                      build/stm32f1xx_hal_uart.o
HAL_LIN_SendBreak                                 build/stm32f1xx_hal_uart.o
HAL_MspDeInit                                     build/stm32f1xx_hal.o
HAL_MspInit                                       build/stm32f1xx_hal_msp.o
HAL_MultiProcessor_EnterMuteMode                  build/stm32f1xx_hal_uart.o
HAL_MultiProcessor_ExitMuteMode                   build/stm32f1xx_hal_uart.o
HAL_MultiProcessor_Init                           build/stm32f1xx_hal_uart.o
HAL_NVIC_ClearPendingIRQ                          build/stm32f1xx_hal_cortex.o
HAL_NVIC_DisableIRQ                               build/stm32f1xx_hal_cortex.o
                                                  build/stm32f1xx_hal_msp.o
HAL_NVIC_EnableIRQ                                build/stm32f1xx_hal_cortex.o
                                                  build/stm32f1xx_hal_msp.o
HAL_NVIC_GetActive                                build/stm32f1xx_hal_cortex.o
HAL_NVIC_GetPendingIRQ                            build/stm32f1xx_hal_cortex.o
HAL_NVIC_GetPriority                              build/stm32f1xx_hal_cortex.o
HAL_NVIC_GetPriorityGrouping                      build/stm32f1xx_hal_cortex.o
HAL_NVIC_SetPendingIRQ                            build/stm32f1xx_hal_cortex.o
HAL_NVIC_SetPriority                              build/stm32f1xx_hal_cortex.o
                                                  build/stm32f1xx_hal.o
                                                  build/stm32f1xx_hal_msp.o
HAL_NVIC_SetPriorityGrouping                      build/stm32f1xx_hal_cortex.o
                                                  build/stm32f1xx_hal.o
HAL_NVIC_SystemReset                              build/stm32f1xx_hal_cortex.o
                                                  build/stm32f1xx_hal_flash.o
HAL_PWR_ConfigPVD                                 build/stm32f1xx_hal_pwr.o
HAL_PWR_DeInit                                    build/stm32f1xx_hal_pwr.o
HAL_PWR_DisableBkUpAccess                         build/stm32f1xx_hal_pwr.o
HAL_PWR_DisablePVD                                build/stm32f1xx_hal_pwr.o
HAL_PWR_DisableSEVOnPend                          build/stm32f1xx_hal_pwr.o
HAL_PWR_DisableSleepOnExit                        build/stm32f1xx_hal_pwr.o
HAL_PWR_DisableWakeUpPin                          build/stm32f1xx_hal_pwr.o
HAL_PWR_EnableBkUpAccess                          build/stm32f1xx_hal_pwr.o
HAL_PWR_EnablePVD                                 build/stm32f1xx_hal_pwr.o
HAL_PWR_EnableSEVOnPend                           build/stm32f1xx_hal_pwr.o
HAL_PWR_EnableSleepOnExit                         build/stm32f1xx_hal_pwr.o
HAL_PWR_EnableWakeUpPin                           build/stm32f1xx_hal_pwr.o
HAL_PWR_EnterSLEEPMode                            build/stm32f1xx_hal_pwr.o
HAL_PWR_EnterSTANDBYMode                          build/stm32f1xx_hal_pwr.o
HAL_PWR_EnterSTOPMode                             build/stm32f1xx_hal_pwr.o
HAL_PWR_PVDCallback                               build/stm32f1xx_hal_pwr.o
HAL_PWR_PVD_IRQHandler                            build/stm32f1xx_hal_pwr.o
HAL_RCCEx_GetPeriphCLKConfig                      build/stm32f1xx_hal_rcc_ex.o
HAL_RCCEx_GetPeriphCLKFreq                        build/stm32f1xx_hal_rcc_ex.o
HAL_RCCEx_PeriphCLKConfig                         build/stm32f1xx_hal_rcc_ex.o
HAL_RCC_CSSCallback                               build/stm32f1xx_hal_rcc.o
HAL_RCC_ClockConfig                               build/stm32f1xx_hal_rcc.o
                                                  build/main.o
HAL_RCC_DeInit                                    build/stm32f1xx_hal_rcc.o
HAL_RCC_DisableCSS                                build/stm32f1xx_hal_rcc.o
HAL_RCC_EnableCSS                                 build/stm32f1xx_hal_rcc.o
HAL_RCC_GetClockConfig                            build/stm32f1xx_hal_rcc.o
HAL_RCC_GetHCLKFreq                               build/stm32f1xx_hal_rcc.o
HAL_RCC_GetOscConfig                              build/stm32f1xx_hal_rcc.o
HAL_RCC_GetPCLK1Freq                              build/stm32f1xx_hal_rcc.o
                                                  build/stm32f1xx_hal_uart.o
HAL_RCC_GetPCLK2Freq                              build/stm32f1xx_hal_rcc.o
                                                  build/stm32f1xx_hal_uart.o
                                                  build/stm32f1xx_hal_rcc_ex.o
HAL_RCC_GetSysClockFreq                           build/stm32f1xx_hal_rcc.o
HAL_RCC_MCOConfig                                 build/stm32f1xx_hal_rcc.o
HAL_RCC_NMI_IRQHandler                            build/stm32f1xx_hal_rcc.o
HAL_RCC_OscConfig                                 build/stm32f1xx_hal_rcc.o
                                                  build/main.o
HAL_ResumeTick                                    build/stm32f1xx_hal.o
HAL_SYSTICK_CLKSourceConfig                       build/stm32f1xx_hal_cortex.o
HAL_SYSTICK_Callback                              build/stm32f1xx_hal_cortex.o
HAL_SYSTICK_Config                                build/stm32f1xx_hal_cortex.o
                                                  build/stm32f1xx_hal.o
HAL_SYSTICK_IRQHandler                            build/stm32f1xx_hal_cortex.o
HAL_SetTickFreq                                   build/stm32f1xx_hal.o
HAL_SuspendTick                                   build/stm32f1xx_hal.o
HAL_TIMEx_BreakCallback                           build/stm32f1xx_hal_tim_ex.o
                                                  build/stm32f1xx_hal_tim.o
HAL_TIMEx_CommutCallback                          build/stm32f1xx_hal_tim_ex.o
                                                  build/stm32f1xx_hal_tim.o
HAL_TIMEx_CommutHalfCpltCallback                  build/stm32f1xx_hal_tim_ex.o
HAL_TIMEx_ConfigBreakDeadTime                     build/stm32f1xx_hal_tim_ex.o
HAL_TIMEx_ConfigCommutEvent                       build/stm32f1xx_hal_tim_ex.o
HAL_TIMEx_ConfigCommutEvent_DMA                   build/stm32f1xx_hal_tim_ex.o
HAL_TIMEx_ConfigCommutEvent_IT                    build/stm32f1xx_hal_tim_ex.o
HAL_TIMEx_GetChannelNState                        build/stm32f1xx_hal_tim_ex.o
HAL_TIMEx_HallSensor_DeInit                       build/stm32f1xx_hal_tim_ex.o
HAL_TIMEx_HallSensor_GetState                     build/stm32f1xx_hal_tim_ex.o
HAL_TIMEx_HallSensor_Init                         build/stm32f1xx_hal_tim_ex.o
HAL_TIMEx_HallSensor_MspDeInit                    build/stm32f1xx_hal_tim_ex.o
HAL_TIMEx_HallSensor_MspInit                      build/stm32f1xx_hal_tim_ex.o
HAL_TIMEx_HallSensor_Start                        build/stm32f1xx_hal_tim_ex.o
HAL_TIMEx_HallSensor_Start_DMA                    build/stm32f1xx_hal_tim_ex.o
HAL_TIMEx_HallSensor_Start_IT                     build/stm32f1xx_hal_tim_ex.o
HAL_TIMEx_HallSensor_Stop                         build/stm32f1xx_hal_tim_ex.o
HAL_TIMEx_HallSensor_Stop_DMA                     build/stm32f1xx_hal_tim_ex.o
HAL_TIMEx_HallSensor_Stop_IT                      build/stm32f1xx_hal_tim_ex.o
HAL_TIMEx_MasterConfigSynchronization             build/stm32f1xx_hal_tim_ex.o
                                                  build/main.o
HAL_TIMEx_OCN_Start                               build/stm32f1xx_hal_tim_ex.o
HAL_TIMEx_OCN_Start_DMA                           build/stm32f1xx_hal_tim_ex.o
HAL_TIMEx_OCN_Start_IT                            build/stm32f1xx_hal_tim_ex.o
HAL_TIMEx_OCN_Stop                                build/stm32f1xx_hal_tim_ex.o
HAL_TIMEx_OCN_Stop_DMA                            build/stm32f1xx_hal_tim_ex.o
HAL_TIMEx_OCN_Stop_IT                             build/stm32f1xx_hal_tim_ex.o
HAL_TIMEx_OnePulseN_Start                         build/stm32f1xx_hal_tim_ex.o
HAL_TIMEx_OnePulseN_Start_IT                      build/stm32f1xx_hal_tim_ex.o
HAL_TIMEx_OnePulseN_Stop                          build/stm32f1xx_hal_tim_ex.o
HAL_TIMEx_OnePulseN_Stop_IT                       build/stm32f1xx_hal_tim_ex.o
HAL_TIMEx_PWMN_Start                              build/stm32f1xx_hal_tim_ex.o
HAL_TIMEx_PWMN_Start_DMA                          build/stm32f1xx_hal_tim_ex.o
HAL_TIMEx_PWMN_Start_IT                           build/stm32f1xx_hal_tim_ex.o
HAL_TIMEx_PWMN_Stop                               build/stm32f1xx_hal_tim_ex.o
HAL_TIMEx_PWMN_Stop_DMA                           build/stm32f1xx_hal_tim_ex.o
HAL_TIMEx_PWMN_Stop_IT                            build/stm32f1xx_hal_tim_ex.o
HAL_TIMEx_RemapConfig                             build/stm32f1xx_hal_tim_ex.o
HAL_TIM_Base_DeInit                               build/stm32f1xx_hal_tim.o
                                                  build/main.o
HAL_TIM_Base_GetState                             build/stm32f1xx_hal_tim.o
HAL_TIM_Base_Init                                 build/stm32f1xx_hal_tim.o
                                                  build/main.o
HAL_TIM_Base_MspDeInit                            build/stm32f1xx_hal_msp.o
HAL_TIM_Base_MspInit                              build/stm32f1xx_hal_msp.o
HAL_TIM_Base_Start                                build/stm32f1xx_hal_tim.o
HAL_TIM_Base_Start_DMA                            build/stm32f1xx_hal_tim.o
HAL_TIM_Base_Start_IT                             build/stm32f1xx_hal_tim.o
                                                  build/main.o
HAL_TIM_Base_Stop                                 build/stm32f1xx_hal_tim.o
HAL_TIM_Base_Stop_DMA                             build/stm32f1xx_hal_tim.o
HAL_TIM_Base_Stop_IT                              build/stm32f1xx_hal_tim.o
                                                  build/main.o
HAL_TIM_ConfigClockSource                         build/stm32f1xx_hal_tim.o
                                                  build/main.o
HAL_TIM_ConfigOCrefClear                          build/stm32f1xx_hal_tim.o
HAL_TIM_ConfigTI1Input                            build/stm32f1xx_hal_tim.o
HAL_TIM_DMABurstState                             build/stm32f1xx_hal_tim.o
HAL_TIM_DMABurst_MultiReadStart                   build/stm32f1xx_hal_tim.o
HAL_TIM_DMABurst_MultiWriteStart                  build/stm32f1xx_hal_tim.o
HAL_TIM_DMABurst_ReadStart                        build/stm32f1xx_hal_tim.o
HAL_TIM_DMABurst_ReadStop                         build/stm32f1xx_hal_tim.o
HAL_TIM_DMABurst_WriteStart                       build/stm32f1xx_hal_tim.o
HAL_TIM_DMABurst_WriteStop                        build/stm32f1xx_hal_tim.o
HAL_TIM_Encoder_DeInit                            build/stm32f1xx_hal_tim.o
HAL_TIM_Encoder_GetState                          build/stm32f1xx_hal_tim.o
HAL_TIM_Encoder_Init                              build/stm32f1xx_hal_tim.o
HAL_TIM_Encoder_MspDeInit                         build/stm32f1xx_hal_tim.o
HAL_TIM_Encoder_MspInit                           build/stm32f1xx_hal_tim.o
HAL_TIM_Encoder_Start                             build/stm32f1xx_hal_tim.o
HAL_TIM_Encoder_Start_DMA                         build/stm32f1xx_hal_tim.o
HAL_TIM_Encoder_Start_IT                          build/stm32f1xx_hal_tim.o
HAL_TIM_Encoder_Stop                              build/stm32f1xx_hal_tim.o
HAL_TIM_Encoder_Stop_DMA                          build/stm32f1xx_hal_tim.o
HAL_TIM_Encoder_Stop_IT                           build/stm32f1xx_hal_tim.o
HAL_TIM_ErrorCallback                             build/stm32f1xx_hal_tim.o
                                                  build/stm32f1xx_hal_tim_ex.o
HAL_TIM_GenerateEvent                             build/stm32f1xx_hal_tim.o
HAL_TIM_GetActiveChannel                          build/stm32f1xx_hal_tim.o
HAL_TIM_GetChannelState                           build/stm32f1xx_hal_tim.o
HAL_TIM_IC_CaptureCallback                        build/stm32f1xx_hal_tim.o
HAL_TIM_IC_CaptureHalfCpltCallback                build/stm32f1xx_hal_tim.o
HAL_TIM_IC_ConfigChannel                          build/stm32f1xx_hal_tim.o
HAL_TIM_IC_DeInit                                 build/stm32f1xx_hal_tim.o
HAL_TIM_IC_GetState                               build/stm32f1xx_hal_tim.o
HAL_TIM_IC_Init                                   build/stm32f1xx_hal_tim.o
HAL_TIM_IC_MspDeInit                              build/stm32f1xx_hal_tim.o
HAL_TIM_IC_MspInit                                build/stm32f1xx_hal_tim.o
HAL_TIM_IC_Start                                  build/stm32f1xx_hal_tim.o
HAL_TIM_IC_Start_DMA                              build/stm32f1xx_hal_tim.o
HAL_TIM_IC_Start_IT                               build/stm32f1xx_hal_tim.o
HAL_TIM_IC_Stop                                   build/stm32f1xx_hal_tim.o
HAL_TIM_IC_Stop_DMA                               build/stm32f1xx_hal_tim.o
HAL_TIM_IC_Stop_IT                                build/stm32f1xx_hal_tim.o
HAL_TIM_IRQHandler                                build/stm32f1xx_hal_tim.o
                                                  build/stm32f1xx_it.o
HAL_TIM_OC_ConfigChannel                          build/stm32f1xx_hal_tim.o
HAL_TIM_OC_DeInit                                 build/stm32f1xx_hal_tim.o
HAL_TIM_OC_DelayElapsedCallback                   build/stm32f1xx_hal_tim.o
HAL_TIM_OC_GetState                               build/stm32f1xx_hal_tim.o
HAL_TIM_OC_Init                                   build/stm32f1xx_hal_tim.o
HAL_TIM_OC_MspDeInit                              build/stm32f1xx_hal_tim.o
HAL_TIM_OC_MspInit                                build/stm32f1xx_hal_tim.o
HAL_TIM_OC_Start                                  build/stm32f1xx_hal_tim.o
HAL_TIM_OC_Start_DMA                              build/stm32f1xx_hal_tim.o
HAL_TIM_OC_Start_IT                               build/stm32f1xx_hal_tim.o
HAL_TIM_OC_Stop                                   build/stm32f1xx_hal_tim.o
HAL_TIM_OC_Stop_DMA                               build/stm32f1xx_hal_tim.o
HAL_TIM_OC_Stop_IT                                build/stm32f1xx_hal_tim.o
HAL_TIM_OnePulse_ConfigChannel                    build/stm32f1xx_hal_tim.o
HAL_TIM_OnePulse_DeInit                           build/stm32f1xx_hal_tim.o
HAL_TIM_OnePulse_GetState                         build/stm32f1xx_hal_tim.o
HAL_TIM_OnePulse_Init                             build/stm32f1xx_hal_tim.o
HAL_TIM_OnePulse_MspDeInit                        build/stm32f1xx_hal_tim.o
HAL_TIM_OnePulse_MspInit                          build/stm32f1xx_hal_tim.o
HAL_TIM_OnePulse_Start                            build/stm32f1xx_hal_tim.o
HAL_TIM_OnePulse_Start_IT                         build/stm32f1xx_hal_tim.o
HAL_TIM_OnePulse_Stop                             build/stm32f1xx_hal_tim.o
HAL_TIM_OnePulse_Stop_IT                          build/stm32f1xx_hal_tim.o
HAL_TIM_PWM_ConfigChannel                         build/stm32f1xx_hal_tim.o
HAL_TIM_PWM_DeInit                                build/stm32f1xx_hal_tim.o
HAL_TIM_PWM_GetState                              build/stm32f1xx_hal_tim.o
HAL_TIM_PWM_Init                                  build/stm32f1xx_hal_tim.o
HAL_TIM_PWM_MspDeInit                             build/stm32f1xx_hal_tim.o
HAL_TIM_PWM_MspInit                               build/stm32f1xx_hal_tim.o
HAL_TIM_PWM_PulseFinishedCallback                 build/stm32f1xx_hal_tim.o
                                                  build/stm32f1xx_hal_tim_ex.o
HAL_TIM_PWM_PulseFinishedHalfCpltCallback         build/stm32f1xx_hal_tim.o
HAL_TIM_PWM_Start                                 build/stm32f1xx_hal_tim.o
HAL_TIM_PWM_Start_DMA                             build/stm32f1xx_hal_tim.o
HAL_TIM_PWM_Start_IT                              build/stm32f1xx_hal_tim.o
HAL_TIM_PWM_Stop                                  build/stm32f1xx_hal_tim.o
HAL_TIM_PWM_Stop_DMA                              build/stm32f1xx_hal_tim.o
HAL_TIM_PWM_Stop_IT                               build/stm32f1xx_hal_tim.o
HAL_TIM_PeriodElapsedCallback                     build/main.o
HAL_TIM_PeriodElapsedHalfCpltCallback             build/stm32f1xx_hal_tim.o
HAL_TIM_ReadCapturedValue                         build/stm32f1xx_hal_tim.o
HAL_TIM_SlaveConfigSynchro                        build/stm32f1xx_hal_tim.o
HAL_TIM_SlaveConfigSynchro_IT                     build/stm32f1xx_hal_tim.o
HAL_TIM_TriggerCallback                           build/stm32f1xx_hal_tim.o
HAL_TIM_TriggerHalfCpltCallback                   build/stm32f1xx_hal_tim.o
HAL_UARTEx_GetRxEventType                         build/stm32f1xx_hal_uart.o
HAL_UARTEx_ReceiveToIdle                          build/stm32f1xx_hal_uart.o
HAL_UARTEx_ReceiveToIdle_DMA                      build/stm32f1xx_hal_uart.o
HAL_UARTEx_ReceiveToIdle_IT                       build/stm32f1xx_hal_uart.o
HAL_UARTEx_RxEventCallback                        build/stm32f1xx_hal_uart.o
HAL_UART_Abort                                    build/stm32f1xx_hal_uart.o
HAL_UART_AbortCpltCallback                        build/stm32f1xx_hal_uart.o
HAL_UART_AbortReceive                             build/stm32f1xx_hal_uart.o
HAL_UART_AbortReceiveCpltCallback                 build/stm32f1xx_hal_uart.o
HAL_UART_AbortReceive_IT                          build/stm32f1xx_hal_uart.o
HAL_UART_AbortTransmit                            build/stm32f1xx_hal_uart.o
HAL_UART_AbortTransmitCpltCallback                build/stm32f1xx_hal_uart.o
HAL_UART_AbortTransmit_IT                         build/stm32f1xx_hal_uart.o
HAL_UART_Abort_IT                                 build/stm32f1xx_hal_uart.o
HAL_UART_DMAPause                                 build/stm32f1xx_hal_uart.o
HAL_UART_DMAResume                                build/stm32f1xx_hal_uart.o
HAL_UART_DMAStop                                  build/stm32f1xx_hal_uart.o
HAL_UART_DeInit                                   build/stm32f1xx_hal_uart.o
HAL_UART_ErrorCallback                            build/stm32f1xx_hal_uart.o
HAL_UART_GetError                                 build/stm32f1xx_hal_uart.o
HAL_UART_GetState                                 build/stm32f1xx_hal_uart.o
HAL_UART_IRQHandler                               build/stm32f1xx_hal_uart.o
HAL_UART_Init                                     build/stm32f1xx_hal_uart.o
                                                  build/main.o
HAL_UART_MspDeInit                                build/stm32f1xx_hal_msp.o
HAL_UART_MspInit                                  build/stm32f1xx_hal_msp.o
HAL_UART_Receive                                  build/stm32f1xx_hal_uart.o
HAL_UART_Receive_DMA                              build/stm32f1xx_hal_uart.o
HAL_UART_Receive_IT                               build/stm32f1xx_hal_uart.o
HAL_UART_RxCpltCallback                           build/stm32f1xx_hal_uart.o
HAL_UART_RxHalfCpltCallback                       build/stm32f1xx_hal_uart.o
HAL_UART_Transmit                                 build/stm32f1xx_hal_uart.o
                                                  build/main.o
HAL_UART_Transmit_DMA                             build/stm32f1xx_hal_uart.o
HAL_UART_Transmit_IT                              build/stm32f1xx_hal_uart.o
HAL_UART_TxCpltCallback                           build/stm32f1xx_hal_uart.o
HAL_UART_TxHalfCpltCallback                       build/stm32f1xx_hal_uart.o
HardFault_Handler                                 build/stm32f1xx_it.o
I2C1_ER_IRQHandler                                build/startup_stm32f103xb.o
I2C1_EV_IRQHandler                                build/startup_stm32f103xb.o
I2C2_ER_IRQHandler                                build/startup_stm32f103xb.o
I2C2_EV_IRQHandler                                build/startup_stm32f103xb.o
MemManage_Handler                                 build/stm32f1xx_it.o
NMI_Handler                                       build/stm32f1xx_it.o
PVD_IRQHandler                                    build/startup_stm32f103xb.o
PendSV_Handler                                    build/stm32f1xx_it.o
RCC_IRQHandler                                    build/startup_stm32f103xb.o
RTC_Alarm_IRQHandler                              build/startup_stm32f103xb.o
RTC_IRQHandler                                    build/startup_stm32f103xb.o
Reset_Handler                                     build/startup_stm32f103xb.o
SM_button1                                        build/main.o
SM_button2                                        build/main.o
SM_ledmode                                        build/main.o
SPI1_IRQHandler                                   build/startup_stm32f103xb.o
SPI2_IRQHandler                                   build/startup_stm32f103xb.o
SVC_Handler                                       build/stm32f1xx_it.o
SysTick_Handler                                   build/stm32f1xx_it.o
SystemClock_Config                                build/main.o
SystemCoreClock                                   build/system_stm32f1xx.o
                                                  build/stm32f1xx_hal_rcc.o
                                                  build/stm32f1xx_hal.o
SystemCoreClockUpdate                             build/system_stm32f1xx.o
SystemInit                                        build/system_stm32f1xx.o
                                                  build/startup_stm32f103xb.o
TAMPER_IRQHandler                                 build/startup_stm32f103xb.o
TIM1_BRK_IRQHandler                               build/startup_stm32f103xb.o
TIM1_CC_IRQHandler                                build/startup_stm32f103xb.o
TIM1_TRG_COM_IRQHandler                           build/startup_stm32f103xb.o
TIM1_UP_IRQHandler                                build/startup_stm32f103xb.o
TIM2_IRQHandler                                   build/startup_stm32f103xb.o
TIM3_IRQHandler                                   build/stm32f1xx_it.o
TIM4_IRQHandler                                   build/startup_stm32f103xb.o
TIMEx_DMACommutationCplt                          build/stm32f1xx_hal_tim_ex.o
                                                  build/stm32f1xx_hal_tim.o
TIMEx_DMACommutationHalfCplt                      build/stm32f1xx_hal_tim_ex.o
                                                  build/stm32f1xx_hal_tim.o
TIM_Base_SetConfig                                build/stm32f1xx_hal_tim.o
                                                  build/stm32f1xx_hal_tim_ex.o
TIM_CCxChannelCmd                                 build/stm32f1xx_hal_tim.o
                                                  build/stm32f1xx_hal_tim_ex.o
TIM_DMACaptureCplt                                build/stm32f1xx_hal_tim.o
                                                  build/stm32f1xx_hal_tim_ex.o
TIM_DMACaptureHalfCplt                            build/stm32f1xx_hal_tim.o
                                                  build/stm32f1xx_hal_tim_ex.o
TIM_DMADelayPulseHalfCplt                         build/stm32f1xx_hal_tim.o
                                                  build/stm32f1xx_hal_tim_ex.o
TIM_DMAError                                      build/stm32f1xx_hal_tim.o
                                                  build/stm32f1xx_hal_tim_ex.o
TIM_ETR_SetConfig                                 build/stm32f1xx_hal_tim.o
TIM_OC2_SetConfig                                 build/stm32f1xx_hal_tim.o
                                                  build/stm32f1xx_hal_tim_ex.o
TIM_TI1_SetConfig                                 build/stm32f1xx_hal_tim.o
                                                  build/stm32f1xx_hal_tim_ex.o
UART_Start_Receive_DMA                            build/stm32f1xx_hal_uart.o
UART_Start_Receive_IT                             build/stm32f1xx_hal_uart.o
USART1_IRQHandler                                 build/startup_stm32f103xb.o
USART2_IRQHandler                                 build/startup_stm32f103xb.o
USART3_IRQHandler                                 build/startup_stm32f103xb.o
USBWakeUp_IRQHandler                              build/startup_stm32f103xb.o
USB_HP_CAN1_TX_IRQHandler                         build/startup_stm32f103xb.o
USB_LP_CAN1_RX0_IRQHandler                        build/startup_stm32f103xb.o
UsageFault_Handler                                build/stm32f1xx_it.o
WWDG_IRQHandler                                   build/startup_stm32f103xb.o
_ITM_deregisterTMCloneTable                       /opt/gcc-arm-none-eabi/bin/../lib/gcc/arm-none-eabi/12.3.1/thumb/v7-m/nofp/crtbegin.o
_ITM_registerTMCloneTable                         /opt/gcc-arm-none-eabi/bin/../lib/gcc/arm-none-eabi/12.3.1/thumb/v7-m/nofp/crtbegin.o
__TMC_END__                                       /opt/gcc-arm-none-eabi/bin/../lib/gcc/arm-none-eabi/12.3.1/thumb/v7-m/nofp/crtend.o
                                                  /opt/gcc-arm-none-eabi/bin/../lib/gcc/arm-none-eabi/12.3.1/thumb/v7-m/nofp/crtbegin.o
__bss_end__                                       /opt/gcc-arm-none-eabi/bin/../lib/gcc/arm-none-eabi/12.3.1/../../../../arm-none-eabi/lib/thumb/v7-m/nofp/crt0.o
__bss_start__                                     /opt/gcc-arm-none-eabi/bin/../lib/gcc/arm-none-eabi/12.3.1/../../../../arm-none-eabi/lib/thumb/v7-m/nofp/crt0.o
__call_exitprocs                                  /opt/gcc-arm-none-eabi/bin/../lib/gcc/arm-none-eabi/12.3.1/../../../../arm-none-eabi/lib/thumb/v7-m/nofp/libc_nano.a(libc_a-exit.o)
__deregister_frame_info                           /opt/gcc-arm-none-eabi/bin/../lib/gcc/arm-none-eabi/12.3.1/thumb/v7-m/nofp/crtbegin.o
__dso_handle                                      /opt/gcc-arm-none-eabi/bin/../lib/gcc/arm-none-eabi/12.3.1/thumb/v7-m/nofp/crtbegin.o
__fp_lock_all                                     /opt/gcc-arm-none-eabi/bin/../lib/gcc/arm-none-eabi/12.3.1/../../../../arm-none-eabi/lib/thumb/v7-m/nofp/libc_nano.a(libc_a-findfp.o)
__fp_unlock_all                                   /opt/gcc-arm-none-eabi/bin/../lib/gcc/arm-none-eabi/12.3.1/../../../../arm-none-eabi/lib/thumb/v7-m/nofp/libc_nano.a(libc_a-findfp.o)
__init_array_end                                  /opt/gcc-arm-none-eabi/bin/../lib/gcc/arm-none-eabi/12.3.1/../../../../arm-none-eabi/lib/thumb/v7-m/nofp/libc_nano.a(libc_a-init.o)
__init_array_start                                /opt/gcc-arm-none-eabi/bin/../lib/gcc/arm-none-eabi/12.3.1/../../../../arm-none-eabi/lib/thumb/v7-m/nofp/libc_nano.a(libc_a-init.o)
__libc_fini_array                                 /opt/gcc-arm-none-eabi/bin/../lib/gcc/arm-none-eabi/12.3.1/../../../../arm-none-eabi/lib/thumb/v7-m/nofp/crt0.o
__libc_init_array                                 /opt/gcc-arm-none-eabi/bin/../lib/gcc/arm-none-eabi/12.3.1/../../../../arm-none-eabi/lib/thumb/v7-m/nofp/libc_nano.a(libc_a-init.o)
                                                  build/startup_stm32f103xb.o
                                                  /opt/gcc-arm-none-eabi/bin/../lib/gcc/arm-none-eabi/12.3.1/../../../../arm-none-eabi/lib/thumb/v7-m/nofp/crt0.o
__lock___arc4random_mutex                         /opt/gcc-arm-none-eabi/bin/../lib/gcc/arm-none-eabi/12.3.1/../../../../arm-none-eabi/lib/thumb/v7-m/nofp/libc_nano.a(libc_a-lock.o)
__lock___at_quick_exit_mutex                      /opt/gcc-arm-none-eabi/bin/../lib/gcc/arm-none-eabi/12.3.1/../../../../arm-none-eabi/lib/thumb/v7-m/nofp/libc_nano.a(libc_a-lock.o)
__lock___atexit_recursive_mutex                   /opt/gcc-arm-none-eabi/bin/../lib/gcc/arm-none-eabi/12.3.1/../../../../arm-none-eabi/lib/thumb/v7-m/nofp/libc_nano.a(libc_a-lock.o)
__lock___dd_hash_mutex                            /opt/gcc-arm-none-eabi/bin/../lib/gcc/arm-none-eabi/12.3.1/../../../../arm-none-eabi/lib/thumb/v7-m/nofp/libc_nano.a(libc_a-lock.o)
__lock___env_recursive_mutex                      /opt/gcc-arm-none-eabi/bin/../lib/gcc/arm-none-eabi/12.3.1/../../../../arm-none-eabi/lib/thumb/v7-m/nofp/libc_nano.a(libc_a-lock.o)
__lock___malloc_recursive_mutex                   /opt/gcc-arm-none-eabi/bin/../lib/gcc/arm-none-eabi/12.3.1/../../../../arm-none-eabi/lib/thumb/v7-m/nofp/libc_nano.a(libc_a-lock.o)
                                                  /opt/gcc-arm-none-eabi/bin/../lib/gcc/arm-none-eabi/12.3.1/../../../../arm-none-eabi/lib/thumb/v7-m/nofp/libc_nano.a(libc_a-mlock.o)
__lock___sfp_recursive_mutex                      /opt/gcc-arm-none-eabi/bin/../lib/gcc/arm-none-eabi/12.3.1/../../../../arm-none-eabi/lib/thumb/v7-m/nofp/libc_nano.a(libc_a-lock.o)
                                                  /opt/gcc-arm-none-eabi/bin/../lib/gcc/arm-none-eabi/12.3.1/../../../../arm-none-eabi/lib/thumb/v7-m/nofp/libc_nano.a(libc_a-findfp.o)
__lock___tz_mutex                                 /opt/gcc-arm-none-eabi/bin/../lib/gcc/arm-none-eabi/12.3.1/../../../../arm-none-eabi/lib/thumb/v7-m/nofp/libc_nano.a(libc_a-lock.o)
__malloc_free_list                                /opt/gcc-arm-none-eabi/bin/../lib/gcc/arm-none-eabi/12.3.1/../../../../arm-none-eabi/lib/thumb/v7-m/nofp/libc_nano.a(libc_a-mallocr.o)
                                                  /opt/gcc-arm-none-eabi/bin/../lib/gcc/arm-none-eabi/12.3.1/../../../../arm-none-eabi/lib/thumb/v7-m/nofp/libc_nano.a(libc_a-freer.o)
__malloc_lock                                     /opt/gcc-arm-none-eabi/bin/../lib/gcc/arm-none-eabi/12.3.1/../../../../arm-none-eabi/lib/thumb/v7-m/nofp/libc_nano.a(libc_a-mlock.o)
                                                  /opt/gcc-arm-none-eabi/bin/../lib/gcc/arm-none-eabi/12.3.1/../../../../arm-none-eabi/lib/thumb/v7-m/nofp/libc_nano.a(libc_a-freer.o)
                                                  /opt/gcc-arm-none-eabi/bin/../lib/gcc/arm-none-eabi/12.3.1/../../../../arm-none-eabi/lib/thumb/v7-m/nofp/libc_nano.a(libc_a-mallocr.o)
__malloc_sbrk_start                               /opt/gcc-arm-none-eabi/bin/../lib/gcc/arm-none-eabi/12.3.1/../../../../arm-none-eabi/lib/thumb/v7-m/nofp/libc_nano.a(libc_a-mallocr.o)
__malloc_unlock                                   /opt/gcc-arm-none-eabi/bin/../lib/gcc/arm-none-eabi/12.3.1/../../../../arm-none-eabi/lib/thumb/v7-m/nofp/libc_nano.a(libc_a-mlock.o)
                                                  /opt/gcc-arm-none-eabi/bin/../lib/gcc/arm-none-eabi/12.3.1/../../../../arm-none-eabi/lib/thumb/v7-m/nofp/libc_nano.a(libc_a-freer.o)
                                                  /opt/gcc-arm-none-eabi/bin/../lib/gcc/arm-none-eabi/12.3.1/../../../../arm-none-eabi/lib/thumb/v7-m/nofp/libc_nano.a(libc_a-mallocr.o)
__preinit_array_end                               /opt/gcc-arm-none-eabi/bin/../lib/gcc/arm-none-eabi/12.3.1/../../../../arm-none-eabi/lib/thumb/v7-m/nofp/libc_nano.a(libc_a-init.o)
__preinit_array_start                             /opt/gcc-arm-none-eabi/bin/../lib/gcc/arm-none-eabi/12.3.1/../../../../arm-none-eabi/lib/thumb/v7-m/nofp/libc_nano.a(libc_a-init.o)
__register_frame_info                             /opt/gcc-arm-none-eabi/bin/../lib/gcc/arm-none-eabi/12.3.1/thumb/v7-m/nofp/crtbegin.o
__retarget_lock_acquire                           /opt/gcc-arm-none-eabi/bin/../lib/gcc/arm-none-eabi/12.3.1/../../../../arm-none-eabi/lib/thumb/v7-m/nofp/libc_nano.a(libc_a-lock.o)
__retarget_lock_acquire_recursive                 /opt/gcc-arm-none-eabi/bin/../lib/gcc/arm-none-eabi/12.3.1/../../../../arm-none-eabi/lib/thumb/v7-m/nofp/libc_nano.a(libc_a-lock.o)
                                                  /opt/gcc-arm-none-eabi/bin/../lib/gcc/arm-none-eabi/12.3.1/../../../../arm-none-eabi/lib/thumb/v7-m/nofp/libc_nano.a(libc_a-mlock.o)
                                                  /opt/gcc-arm-none-eabi/bin/../lib/gcc/arm-none-eabi/12.3.1/../../../../arm-none-eabi/lib/thumb/v7-m/nofp/libc_nano.a(libc_a-fflush.o)
                                                  /opt/gcc-arm-none-eabi/bin/../lib/gcc/arm-none-eabi/12.3.1/../../../../arm-none-eabi/lib/thumb/v7-m/nofp/libc_nano.a(libc_a-findfp.o)
__retarget_lock_close                             /opt/gcc-arm-none-eabi/bin/../lib/gcc/arm-none-eabi/12.3.1/../../../../arm-none-eabi/lib/thumb/v7-m/nofp/libc_nano.a(libc_a-lock.o)
__retarget_lock_close_recursive                   /opt/gcc-arm-none-eabi/bin/../lib/gcc/arm-none-eabi/12.3.1/../../../../arm-none-eabi/lib/thumb/v7-m/nofp/libc_nano.a(libc_a-lock.o)
__retarget_lock_init                              /opt/gcc-arm-none-eabi/bin/../lib/gcc/arm-none-eabi/12.3.1/../../../../arm-none-eabi/lib/thumb/v7-m/nofp/libc_nano.a(libc_a-lock.o)